 TlsClient

 Timestamp is 65eb45a8 (Fri Mar  8 10:06:48 2024)

 Preferred load address is 0000000140000000

 Start         Length     Name                   Class
 0001:00000000 0003a2ccH .text                   CODE
 0001:0003a2cc 00000064H .text$di                CODE
 0001:0003a330 000254a0H .text$mn                CODE
 0001:0005f7d0 00000040H .text$mn$00             CODE
 0001:0005f810 00000b50H .text$mn$21             CODE
 0001:00060360 000007b0H .text$x                 CODE
 0001:00060b10 000000f4H .text$yd                CODE
 0002:00000000 00000378H .idata$5                DATA
 0002:00000378 00000038H .00cfg                  DATA
 0002:000003b0 00000008H .CRT$XCA                DATA
 0002:000003b8 00000008H .CRT$XCAA               DATA
 0002:000003c0 00000018H .CRT$XCC                DATA
 0002:000003d8 00000010H .CRT$XCL                DATA
 0002:000003e8 00000008H .CRT$XCU                DATA
 0002:000003f0 00000008H .CRT$XCZ                DATA
 0002:000003f8 00000008H .CRT$XIA                DATA
 0002:00000400 00000008H .CRT$XIAA               DATA
 0002:00000408 00000008H .CRT$XIAC               DATA
 0002:00000410 00000030H .CRT$XIC                DATA
 0002:00000440 00000008H .CRT$XIZ                DATA
 0002:00000448 00000008H .CRT$XLA                DATA
 0002:00000450 00000008H .CRT$XLZ                DATA
 0002:00000458 00000008H .CRT$XPA                DATA
 0002:00000460 00000010H .CRT$XPX                DATA
 0002:00000470 00000008H .CRT$XPXA               DATA
 0002:00000478 00000008H .CRT$XPZ                DATA
 0002:00000480 00000008H .CRT$XTA                DATA
 0002:00000488 00000018H .CRT$XTZ                DATA
 0002:00000490 00000000H .gehcont$y              DATA
 0002:00000490 00000000H .gfids$y                DATA
 0002:000004a0 00036570H .rdata                  DATA
 0002:00036a10 00000170H .rdata$00               DATA
 0002:00036b80 00000000H .rdata$CastGuardVftablesA DATA
 0002:00036b80 00000000H .rdata$CastGuardVftablesC DATA
 0002:00036b80 00000028H .rdata$T                DATA
 0002:00036ba8 00000314H .rdata$r                DATA
 0002:00036ebc 00000428H .rdata$voltmd           DATA
 0002:000372e4 0000042cH .rdata$zzzdbg           DATA
 0002:00037710 00000008H .rtc$IAA                DATA
 0002:00037718 00000008H .rtc$IZZ                DATA
 0002:00037720 00000008H .rtc$TAA                DATA
 0002:00037728 00000008H .rtc$TZZ                DATA
 0002:00037730 00000004H .tls                    DATA
 0002:00037734 00000004H .tls$                   DATA
 0002:00037738 00000008H .tls$ZZZ                DATA
 0002:00037740 0000d528H .xdata                  DATA
 0002:00044c68 000001c4H .xdata$x                DATA
 0002:00044e2c 00000000H .edata                  DATA
 0002:00044e2c 00000028H .idata$2                DATA
 0002:00044e54 00000014H .idata$3                DATA
 0002:00044e68 00000378H .idata$4                DATA
 0002:000451e0 0000071eH .idata$6                DATA
 0003:00000000 00101320H .data                   DATA
 0003:00101320 000000a0H .data$r                 DATA
 0003:001013c0 00000050H .data$rs                DATA
 0003:00101410 00001724H .bss                    DATA
 0004:00000000 000059d0H .pdata                  DATA
 0005:00000000 000001f4H _RDATA                  DATA

  Address         Publics by Value              Rva+Base               Lib:Object

 0000:00000000       __AbsoluteZero             0000000000000000     <absolute>
 0000:00000000       ___safe_se_handler_count   0000000000000000     <absolute>
 0000:00000000       ___safe_se_handler_table   0000000000000000     <absolute>
 0000:00000000       __arm64x_extra_rfe_table   0000000000000000     <absolute>
 0000:00000000       __arm64x_extra_rfe_table_size 0000000000000000     <absolute>
 0000:00000000       __arm64x_native_entrypoint 0000000000000000     <absolute>
 0000:00000000       __arm64x_redirection_metadata 0000000000000000     <absolute>
 0000:00000000       __arm64x_redirection_metadata_count 0000000000000000     <absolute>
 0000:00000000       __dynamic_value_reloc_table 0000000000000000     <absolute>
 0000:00000000       __enclave_config           0000000000000000     <absolute>
 0000:00000000       __guard_check_icall_a64n_fptr 0000000000000000     <absolute>
 0000:00000000       __guard_eh_cont_count      0000000000000000     <absolute>
 0000:00000000       __guard_eh_cont_table      0000000000000000     <absolute>
 0000:00000000       __guard_fids_count         0000000000000000     <absolute>
 0000:00000000       __guard_fids_table         0000000000000000     <absolute>
 0000:00000000       __guard_iat_count          0000000000000000     <absolute>
 0000:00000000       __guard_iat_table          0000000000000000     <absolute>
 0000:00000000       __guard_longjmp_count      0000000000000000     <absolute>
 0000:00000000       __guard_longjmp_table      0000000000000000     <absolute>
 0000:00000000       __hybrid_auxiliary_delayload_iat 0000000000000000     <absolute>
 0000:00000000       __hybrid_auxiliary_delayload_iat_copy 0000000000000000     <absolute>
 0000:00000000       __hybrid_auxiliary_iat     0000000000000000     <absolute>
 0000:00000000       __hybrid_auxiliary_iat_copy 0000000000000000     <absolute>
 0000:00000000       __hybrid_code_map          0000000000000000     <absolute>
 0000:00000000       __hybrid_code_map_count    0000000000000000     <absolute>
 0000:00000000       __hybrid_image_info_bitfield 0000000000000000     <absolute>
 0000:00000000       __x64_code_ranges_to_entry_points 0000000000000000     <absolute>
 0000:00000000       __x64_code_ranges_to_entry_points_count 0000000000000000     <absolute>
 0000:00000100       __guard_flags              0000000000000100     <absolute>
 0000:00000000       __ImageBase                0000000140000000     <linker-defined>
 0001:00000000       main                       0000000140001000 f   main-e350db.o
 0001:00000080       ??0MainApp@@QEAA@XZ        0000000140001080 f i main-e350db.o
 0001:000007c0       ??1MainApp@@QEAA@XZ        00000001400017c0 f i main-e350db.o
 0001:000008c0       ??0FindFacSm@@QEAA@XZ      00000001400018c0 f i main-e350db.o
 0001:000009a0       ??0CrtMath@@QEAA@XZ        00000001400019a0 f i main-e350db.o
 0001:00000b80       ??1GarnerCrt@@QEAA@XZ      0000000140001b80 f i main-e350db.o
 0001:00000bc0       ??1CrtMath@@QEAA@XZ        0000000140001bc0 f i main-e350db.o
 0001:00000c30       ??1FindFacSm@@QEAA@XZ      0000000140001c30 f i main-e350db.o
 0001:00000c60       ??0CrtBuf@@QEAA@XZ         0000000140001c60 f i main-e350db.o
 0001:00000d20       ?mainLoop@MainApp@@QEAAHXZ 0000000140001d20 f   MainApp-2f7bab.o
 0001:00000ea0       ?testTls@MainApp@@QEAAXXZ  0000000140001ea0 f   MainApp-2f7bab.o
 0001:00001060       ?testSockets@MainApp@@QEAAXXZ 0000000140002060 f   MainApp-2f7bab.o
 0001:000010e0       ??0TlsMainCl@@QEAA@XZ      00000001400020e0 f i MainApp-2f7bab.o
 0001:00001580       ??0TlsMain@@QEAA@XZ        0000000140002580 f i MainApp-2f7bab.o
 0001:00001f10       ??0EncryptTls@@QEAA@XZ     0000000140002f10 f i MainApp-2f7bab.o
 0001:000024b0       ??1EncryptTls@@QEAA@XZ     00000001400034b0 f i MainApp-2f7bab.o
 0001:00002510       ??1TlsMain@@QEAA@XZ        0000000140003510 f i MainApp-2f7bab.o
 0001:00002610       ??1Sha256@@QEAA@XZ         0000000140003610 f i MainApp-2f7bab.o
 0001:00002640       ??1TlsMainCl@@QEAA@XZ      0000000140003640 f i MainApp-2f7bab.o
 0001:00002710       ?sqroot@MathC@@SANN@Z      0000000140003710 f   MathC-13a42b.o
 0001:00002720       ?roundF64@MathC@@SANN@Z    0000000140003720 f   MathC-13a42b.o
 0001:00002730       ?roundI64@MathC@@SA_JN@Z   0000000140003730 f   MathC-13a42b.o
 0001:00002740       ?roundI32@MathC@@SAHN@Z    0000000140003740 f   MathC-13a42b.o
 0001:00002770       ??0Base10Number@@QEAA@AEBVCharBuf@@@Z 0000000140003770 f   Base10Number-950c4f.o
 0001:000027b0       ?setFromCharBuf@Base10Number@@QEAAXAEBVCharBuf@@@Z 00000001400037b0 f   Base10Number-950c4f.o
 0001:000028b0       ??0Base10Number@@QEAA@AEBV0@@Z 00000001400038b0 f   Base10Number-950c4f.o
 0001:000028f0       ??1Base10Number@@QEAA@XZ   00000001400038f0 f   Base10Number-950c4f.o
 0001:00002900       ?shortDivide@Division@@SA_NAEBVInteger@@0AEAV2@1AEAVIntegerMath@@@Z 0000000140003900 f   Division-e9e53c.o
 0001:00002d70       ?shortDivideRem@Division@@SA_JAEBVInteger@@_JAEAV2@@Z 0000000140003d70 f   Division-e9e53c.o
 0001:00002fe0       ?divide@Division@@SAXAEBVInteger@@0AEAV2@1AEAVIntegerMath@@@Z 0000000140003fe0 f   Division-e9e53c.o
 0001:000032f0       ?longDivide3@Division@@SAXAEBVInteger@@0AEAV2@1AEAVIntegerMath@@@Z 00000001400042f0 f   Division-e9e53c.o
 0001:00003b60       ?longDivide1@Division@@SA_NAEBVInteger@@0AEAV2@1AEAVIntegerMath@@@Z 0000000140004b60 f   Division-e9e53c.o
 0001:00003d70       ?testDivideBits@Division@@SAX_J_NHAEBVInteger@@2AEAV2@AEAVIntegerMath@@@Z 0000000140004d70 f   Division-e9e53c.o
 0001:00003f20       ?longDivide2@Division@@SA_NAEBVInteger@@0AEAV2@1AEAVIntegerMath@@@Z 0000000140004f20 f   Division-e9e53c.o
 0001:00004280       ?findShiftBy@Division@@SAH_J@Z 0000000140005280 f   Division-e9e53c.o
 0001:000042e0       ??0Exponents@@QEAA@XZ      00000001400052e0 f   Exponents-7f5d2d.o
 0001:00004470       ??0Exponents@@QEAA@AEBV0@@Z 0000000140005470 f   Exponents-7f5d2d.o
 0001:00004640       ??1Exponents@@QEAA@XZ      0000000140005640 f   Exponents-7f5d2d.o
 0001:00004670       ?setupBases@Exponents@@QEAAXAEBVInteger@@0AEAVIntegerMath@@@Z 0000000140005670 f   Exponents-7f5d2d.o
 0001:00004820       ?toPower@Exponents@@QEAAXAEAVInteger@@AEBV2@1AEAVIntegerMath@@@Z 0000000140005820 f   Exponents-7f5d2d.o
 0001:00004b90       ?multiply@Int56@@QEAAXAEBV1@0@Z 0000000140005b90 f   Int56-9f6d7a.o
 0001:00004ce0       ?divide@Int56@@QEAA_NAEBV1@0AEAV1@@Z 0000000140005ce0 f   Int56-9f6d7a.o
 0001:00004f20       ?isDivisibleBySmallPrime@Int56@@QEBAHAEBVSPrimes@@@Z 0000000140005f20 f   Int56-9f6d7a.o
 0001:00005040       ?setIndex@Integer@@QEAAXH@Z 0000000140006040 f   Integer-cd7539.o
 0001:00005080       ?copy@Integer@@QEAAXAEBV1@@Z 0000000140006080 f   Integer-cd7539.o
 0001:00005100       ?copyUpTo@Integer@@QEAAXAEBV1@H@Z 0000000140006100 f   Integer-cd7539.o
 0001:000051b0       ?getD@Integer@@QEBA_JH@Z   00000001400061b0 f   Integer-cd7539.o
 0001:000051f0       ?setD@Integer@@QEAAXH_J@Z  00000001400061f0 f   Integer-cd7539.o
 0001:00005250       ?setD48@Integer@@QEAAXH_J@Z 0000000140006250 f   Integer-cd7539.o
 0001:000052b0       ?setFromInt24@Integer@@QEAAXH@Z 00000001400062b0 f   Integer-cd7539.o
 0001:00005300       ?setFromLong48@Integer@@QEAAX_J@Z 0000000140006300 f   Integer-cd7539.o
 0001:00005370       ?isEqual@Integer@@QEBA_NAEBV1@@Z 0000000140006370 f   Integer-cd7539.o
 0001:00005400       ?paramIsGreater@Integer@@QEBA_NAEBV1@@Z 0000000140006400 f   Integer-cd7539.o
 0001:00005450       ?paramIsGreaterOrEq@Integer@@QEBA_NAEBV1@@Z 0000000140006450 f   Integer-cd7539.o
 0001:00005510       ?carry@Integer@@QEAAXXZ    0000000140006510 f   Integer-cd7539.o
 0001:00005600       ?increment@Integer@@QEAAXXZ 0000000140006600 f   Integer-cd7539.o
 0001:00005730       ?decrement@Integer@@QEAAXXZ 0000000140006730 f   Integer-cd7539.o
 0001:00005800       ?borrow@Integer@@QEAAXXZ   0000000140006800 f   Integer-cd7539.o
 0001:000058b0       ?addLong48@Integer@@QEAAX_J@Z 00000001400068b0 f   Integer-cd7539.o
 0001:00005a70       ?add@Integer@@QEAAXAEBV1@@Z 0000000140006a70 f   Integer-cd7539.o
 0001:00005cc0       ?andBits@Integer@@QEAAXAEBV1@0@Z 0000000140006cc0 f   Integer-cd7539.o
 0001:00005d60       ?shiftLeft@Integer@@QEAAXH@Z 0000000140006d60 f   Integer-cd7539.o
 0001:00005e50       ?shiftDigitsLeft@Integer@@QEAAXH@Z 0000000140006e50 f   Integer-cd7539.o
 0001:00005f00       ?shiftRight@Integer@@QEAAXH@Z 0000000140006f00 f   Integer-cd7539.o
 0001:00005fc0       ?setDigitAndClear@Integer@@QEAAXH_J@Z 0000000140006fc0 f   Integer-cd7539.o
 0001:00006070       ?makeRandomOdd@Integer@@QEAA_NH@Z 0000000140007070 f   Integer-cd7539.o
 0001:000062b0       ?setFromBigEndianCharBuf@Integer@@QEAAXAEBVCharBuf@@@Z 00000001400072b0 f   Integer-cd7539.o
 0001:00006540       ?subtract@Integer@@QEAAXAEBV1@@Z 0000000140007540 f   Integer-cd7539.o
 0001:000066d0       ?multiply24@Integer@@QEAAX_J@Z 00000001400076d0 f   Integer-cd7539.o
 0001:000068b0       ?getModDestruct@Integer@@QEAAH_J@Z 00000001400078b0 f   Integer-cd7539.o
 0001:00006a40       ?find64SqrRoot@IntegerMath@@SA_J_J@Z 0000000140007a40 f   IntegerMath-44b507.o
 0001:00006d20       ?isDivisibleBySmallPrime@IntegerMath@@QEAAHAEBVInteger@@AEBVSPrimes@@@Z 0000000140007d20 f   IntegerMath-44b507.o
 0001:00006dc0       ?getMod24@IntegerMath@@QEAAHAEBVInteger@@_J@Z 0000000140007dc0 f   IntegerMath-44b507.o
 0001:00006ee0       ?add@IntegerMath@@QEAAXAEAVInteger@@AEBV2@@Z 0000000140007ee0 f   IntegerMath-44b507.o
 0001:00007160       ?subtract@IntegerMath@@QEAAXAEAVInteger@@AEBV2@@Z 0000000140008160 f   IntegerMath-44b507.o
 0001:000073d0       ?multiplyLong48@IntegerMath@@QEAAXAEAVInteger@@_J@Z 00000001400083d0 f   IntegerMath-44b507.o
 0001:00007570       ?setMultiplySign@IntegerMath@@AEAAXAEAVInteger@@AEBV2@@Z 0000000140008570 f   IntegerMath-44b507.o
 0001:000075d0       ?multiply@IntegerMath@@QEAAXAEAVInteger@@AEBV2@@Z 00000001400085d0 f   IntegerMath-44b507.o
 0001:000078b0       ?setFromStr@IntegerMath@@QEAAXAEAVInteger@@AEBVCharBuf@@@Z 00000001400088b0 f   IntegerMath-44b507.o
 0001:00007aa0       ?toString10@IntegerMath@@QEAAXAEBVInteger@@AEAVCharBuf@@@Z 0000000140008aa0 f   IntegerMath-44b507.o
 0001:00007ee0       ?multiplyTop@IntegerMath@@QEAAXAEAVInteger@@AEBV2@@Z 0000000140008ee0 f   IntegerMath-44b507.o
 0001:00008110       ?multiplyTopOne@IntegerMath@@QEAAXAEAVInteger@@AEBV2@@Z 0000000140009110 f   IntegerMath-44b507.o
 0001:000081d0       ?setsqrRootTop@IntegerMath@@QEAAXAEBVInteger@@AEAV2@@Z 00000001400091d0 f   IntegerMath-44b507.o
 0001:00008280       ?squareRoot@IntegerMath@@QEAA_NAEBVInteger@@AEAV2@@Z 0000000140009280 f   IntegerMath-44b507.o
 0001:00008550       ?searchSqrtXPart@IntegerMath@@AEAAXHAEBVInteger@@AEAV2@@Z 0000000140009550 f   IntegerMath-44b507.o
 0001:000088a0       ?setNegative@Integer@@QEAAX_N@Z 00000001400098a0 f i IntegerMath-44b507.o
 0001:000088e0       ?reduce@Mod@@QEAAXAEAVInteger@@AEBV2@1AEAVIntegerMath@@@Z 00000001400098e0 f   Mod-60f3f2.o
 0001:000088f0       ?makeExact@Mod@@QEAAXAEAVInteger@@AEBV2@AEAVIntegerMath@@@Z 00000001400098f0 f   Mod-60f3f2.o
 0001:000089c0       ?toPower@Mod@@QEAAXAEAVInteger@@AEBV2@1AEAVIntegerMath@@@Z 00000001400099c0 f   Mod-60f3f2.o
 0001:00008df0       ?verifyInBaseRange@Mod@@QEAAXAEBVInteger@@0PEBD@Z 0000000140009df0 f   Mod-60f3f2.o
 0001:00008e60       ?verifyMoreThanZero@Mod@@QEAAXAEBVInteger@@@Z 0000000140009e60 f   Mod-60f3f2.o
 0001:00008ec0       ?add@Mod@@QEAAXAEAVInteger@@AEBV2@1AEAVIntegerMath@@@Z 0000000140009ec0 f   Mod-60f3f2.o
 0001:00009030       ?addL@Mod@@QEAAXAEAVInteger@@_JAEBV2@AEAVIntegerMath@@@Z 000000014000a030 f   Mod-60f3f2.o
 0001:00009180       ?negate@Mod@@QEAAXAEAVInteger@@AEBV2@AEAVIntegerMath@@@Z 000000014000a180 f   Mod-60f3f2.o
 0001:00009220       ?subtract@Mod@@QEAAXAEAVInteger@@AEBV2@1AEAVIntegerMath@@@Z 000000014000a220 f   Mod-60f3f2.o
 0001:00009330       ?multiply@Mod@@QEAAXAEAVInteger@@AEBV2@1AEAVIntegerMath@@@Z 000000014000a330 f   Mod-60f3f2.o
 0001:00009510       ?multiplyL@Mod@@QEAAXAEAVInteger@@_JAEBV2@AEAVIntegerMath@@@Z 000000014000a510 f   Mod-60f3f2.o
 0001:000096c0       ?divide@Mod@@QEAA_NAEAVInteger@@AEBV2@110AEAVIntegerMath@@@Z 000000014000a6c0 f   Mod-60f3f2.o
 0001:000099e0       ??0NumbSys@@QEAA@XZ        000000014000a9e0 f   NumbSys-66456f.o
 0001:00009ae0       ??0NumbSys@@QEAA@AEBV0@@Z  000000014000aae0 f   NumbSys-66456f.o
 0001:00009c10       ??1NumbSys@@QEAA@XZ        000000014000ac10 f   NumbSys-66456f.o
 0001:00009c30       ?setupBaseArray@NumbSys@@AEAAXAEBVInteger@@AEAVIntegerMath@@@Z 000000014000ac30 f   NumbSys-66456f.o
 0001:00009df0       ?reduce@NumbSys@@QEAAXAEAVInteger@@AEBV2@1AEAVIntegerMath@@@Z 000000014000adf0 f   NumbSys-66456f.o
 0001:00009f40       ??0CharBuf@@QEAA@PEBD@Z    000000014000af40 f   CharBuf-d39804.o
 0001:00009fd0       ?setFromCharPoint@CharBuf@@QEAAXPEBD@Z 000000014000afd0 f   CharBuf-d39804.o
 0001:0000a120       ?setSize@CharBuf@@QEAAXH@Z 000000014000b120 f   CharBuf-d39804.o
 0001:0000a190       ?setFromInt64@CharBuf@@QEAAX_J@Z 000000014000b190 f   CharBuf-d39804.o
 0001:0000a530       ?appendChar@CharBuf@@QEAAXD@Z 000000014000b530 f   CharBuf-d39804.o
 0001:0000a5b0       ?setFromUint64@CharBuf@@QEAAX_K@Z 000000014000b5b0 f   CharBuf-d39804.o
 0001:0000a8e0       ??0CharBuf@@QEAA@AEBV0@@Z  000000014000b8e0 f   CharBuf-d39804.o
 0001:0000a980       ?increaseSize@CharBuf@@AEAAXH@Z 000000014000b980 f   CharBuf-d39804.o
 0001:0000a990       ?appendU8@CharBuf@@QEAAXI@Z 000000014000b990 f   CharBuf-d39804.o
 0001:0000aa10       ?appendU16@CharBuf@@QEAAXI@Z 000000014000ba10 f   CharBuf-d39804.o
 0001:0000aac0       ?appendU32@CharBuf@@QEAAXI@Z 000000014000bac0 f   CharBuf-d39804.o
 0001:0000ac40       ?appendU64@CharBuf@@QEAAX_K@Z 000000014000bc40 f   CharBuf-d39804.o
 0001:0000af30       ?getU32@CharBuf@@QEBAIH@Z  000000014000bf30 f   CharBuf-d39804.o
 0001:0000aff0       ?getU64@CharBuf@@QEBA_KH@Z 000000014000bff0 f   CharBuf-d39804.o
 0001:0000b180       ?get24Bits@CharBuf@@QEBAIH@Z 000000014000c180 f   CharBuf-d39804.o
 0001:0000b210       ?get16Bits@CharBuf@@QEBAIH@Z 000000014000c210 f   CharBuf-d39804.o
 0001:0000b290       ?append24Bits@CharBuf@@QEAAXI@Z 000000014000c290 f   CharBuf-d39804.o
 0001:0000b3c0       ?appendCharArray@CharBuf@@QEAAXAEBVByteArray@@H@Z 000000014000c3c0 f   CharBuf-d39804.o
 0001:0000b490       ?appendCharBuf@CharBuf@@QEAAXAEBV1@@Z 000000014000c490 f   CharBuf-d39804.o
 0001:0000b570       ?copy@CharBuf@@QEAAXAEBV1@@Z 000000014000c570 f   CharBuf-d39804.o
 0001:0000b590       ?copyToCharArray@CharBuf@@QEAAXAEAVByteArray@@@Z 000000014000c590 f   CharBuf-d39804.o
 0001:0000b680       ?copyToOpenCharArrayNoNull@CharBuf@@QEBAXAEAVOpenCharArray@@@Z 000000014000c680 f   CharBuf-d39804.o
 0001:0000b770       ?copyToOpenCharArrayNull@CharBuf@@QEBAXAEAVOpenCharArray@@@Z 000000014000c770 f   CharBuf-d39804.o
 0001:0000b8b0       ?copyFromOpenCharArrayNoNull@CharBuf@@QEAAXAEBVOpenCharArray@@@Z 000000014000c8b0 f   CharBuf-d39804.o
 0001:0000b9d0       ?copyFromOpenCharArrayNull@CharBuf@@QEAAXAEBVOpenCharArray@@@Z 000000014000c9d0 f   CharBuf-d39804.o
 0001:0000bb40       ?testBasics@CharBuf@@QEAAXXZ 000000014000cb40 f   CharBuf-d39804.o
 0001:0000bbd0       ?findChar@CharBuf@@QEAAHHD@Z 000000014000cbd0 f   CharBuf-d39804.o
 0001:0000bc50       ?isEqual@CharBuf@@QEBA_NAEBV1@@Z 000000014000cc50 f   CharBuf-d39804.o
 0001:0000bd20       ?appendCharPt@CharBuf@@QEAAXPEBD@Z 000000014000cd20 f   CharBuf-d39804.o
 0001:0000be60       ?reverse@CharBuf@@QEAAXXZ  000000014000ce60 f   CharBuf-d39804.o
 0001:0000c090       ?showHex@CharBuf@@QEBAXXZ  000000014000d090 f   CharBuf-d39804.o
 0001:0000c140       ?setFromHexTo256@CharBuf@@QEAAXAEBV1@@Z 000000014000d140 f   CharBuf-d39804.o
 0001:0000c720       ?increaseSize@ByteArray@@QEAAXH@Z 000000014000d720 f i CharBuf-d39804.o
 0001:0000c8e0       ?copy@ByteArray@@QEAAXAEBV1@HH@Z 000000014000d8e0 f i CharBuf-d39804.o
 0001:0000ca50       ?writeAll@FileIO@@SA_NPEBDAEBVCharBuf@@@Z 000000014000da50 f   FileIO-8f83e6.o
 0001:0000ccd0       ?readAll@FileIO@@SA_NPEBDAEAVCharBuf@@@Z 000000014000dcd0 f   FileIO-8f83e6.o
 0001:0000d090       ?exists@FileIO@@SA_NPEBD@Z 000000014000e090 f   FileIO-8f83e6.o
 0001:0000d1a0       ?copy@FileIO@@SA_NPEBD0@Z  000000014000e1a0 f   FileIO-8f83e6.o
 0001:0000d2a0       ??0?$basic_ofstream@DU?$char_traits@D@std@@@std@@QEAA@PEBDHH@Z 000000014000e2a0 f i FileIO-8f83e6.o
 0001:0000d600       ?write@?$basic_ostream@DU?$char_traits@D@std@@@std@@QEAAAEAV12@PEBD_J@Z 000000014000e600 f i FileIO-8f83e6.o
 0001:0000d870       ??_D?$basic_ofstream@DU?$char_traits@D@std@@@std@@QEAAXXZ 000000014000e870 f i FileIO-8f83e6.o
 0001:0000d900       ??0?$basic_ifstream@DU?$char_traits@D@std@@@std@@QEAA@PEBDHH@Z 000000014000e900 f i FileIO-8f83e6.o
 0001:0000dc70       ?seekg@?$basic_istream@DU?$char_traits@D@std@@@std@@QEAAAEAV12@_JH@Z 000000014000ec70 f i FileIO-8f83e6.o
 0001:0000df30       ?tellg@?$basic_istream@DU?$char_traits@D@std@@@std@@QEAA?AV?$fpos@U_Mbstatet@@@2@XZ 000000014000ef30 f i FileIO-8f83e6.o
 0001:0000e0c0       ?seekg@?$basic_istream@DU?$char_traits@D@std@@@std@@QEAAAEAV12@V?$fpos@U_Mbstatet@@@2@@Z 000000014000f0c0 f i FileIO-8f83e6.o
 0001:0000e380       ?read@?$basic_istream@DU?$char_traits@D@std@@@std@@QEAAAEAV12@PEAD_J@Z 000000014000f380 f i FileIO-8f83e6.o
 0001:0000e5b0       ??_D?$basic_ifstream@DU?$char_traits@D@std@@@std@@QEAAXXZ 000000014000f5b0 f i FileIO-8f83e6.o
 0001:0000e640       ??__E?id@?$codecvt@DDU_Mbstatet@@@std@@2V0locale@2@A@@YAXXZ 000000014000f640 f i FileIO-8f83e6.o
 0001:0000e650       ??1?$basic_filebuf@DU?$char_traits@D@std@@@std@@UEAA@XZ 000000014000f650 f i FileIO-8f83e6.o
 0001:0000e730       ??_E?$basic_ofstream@DU?$char_traits@D@std@@@std@@$4PPPPPPPM@A@EAAPEAXI@Z 000000014000f730 f i FileIO-8f83e6.o
 0001:0000e800       ?close@?$basic_filebuf@DU?$char_traits@D@std@@@std@@QEAAPEAV12@XZ 000000014000f800 f i FileIO-8f83e6.o
 0001:0000e970       ??_G?$basic_filebuf@DU?$char_traits@D@std@@@std@@UEAAPEAXI@Z 000000014000f970 f i FileIO-8f83e6.o
 0001:0000e9a0       ?_Lock@?$basic_filebuf@DU?$char_traits@D@std@@@std@@UEAAXXZ 000000014000f9a0 f i FileIO-8f83e6.o
 0001:0000e9c0       ?_Unlock@?$basic_filebuf@DU?$char_traits@D@std@@@std@@UEAAXXZ 000000014000f9c0 f i FileIO-8f83e6.o
 0001:0000e9e0       ?overflow@?$basic_filebuf@DU?$char_traits@D@std@@@std@@MEAAHH@Z 000000014000f9e0 f i FileIO-8f83e6.o
 0001:0000eb70       ?pbackfail@?$basic_filebuf@DU?$char_traits@D@std@@@std@@MEAAHH@Z 000000014000fb70 f i FileIO-8f83e6.o
 0001:0000ec60       ?showmanyc@?$basic_streambuf@DU?$char_traits@D@std@@@std@@MEAA_JXZ 000000014000fc60 f i FileIO-8f83e6.o
 0001:0000ec60       ?sync@?$basic_streambuf@DU?$char_traits@D@std@@@std@@MEAAHXZ 000000014000fc60 f i FileIO-8f83e6.o
 0001:0000ec70       ?underflow@?$basic_filebuf@DU?$char_traits@D@std@@@std@@MEAAHXZ 000000014000fc70 f i FileIO-8f83e6.o
 0001:0000ecc0       ?uflow@?$basic_filebuf@DU?$char_traits@D@std@@@std@@MEAAHXZ 000000014000fcc0 f i FileIO-8f83e6.o
 0001:0000f020       ?xsgetn@?$basic_filebuf@DU?$char_traits@D@std@@@std@@MEAA_JPEAD_J@Z 0000000140010020 f i FileIO-8f83e6.o
 0001:0000f1e0       ?xsputn@?$basic_filebuf@DU?$char_traits@D@std@@@std@@MEAA_JPEBD_J@Z 00000001400101e0 f i FileIO-8f83e6.o
 0001:0000f320       ?seekoff@?$basic_filebuf@DU?$char_traits@D@std@@@std@@MEAA?AV?$fpos@U_Mbstatet@@@2@_JHH@Z 0000000140010320 f i FileIO-8f83e6.o
 0001:0000f4a0       ?seekpos@?$basic_filebuf@DU?$char_traits@D@std@@@std@@MEAA?AV?$fpos@U_Mbstatet@@@2@V32@H@Z 00000001400104a0 f i FileIO-8f83e6.o
 0001:0000f5f0       ?setbuf@?$basic_filebuf@DU?$char_traits@D@std@@@std@@MEAAPEAV?$basic_streambuf@DU?$char_traits@D@std@@@2@PEAD_J@Z 00000001400105f0 f i FileIO-8f83e6.o
 0001:0000f730       ?sync@?$basic_filebuf@DU?$char_traits@D@std@@@std@@MEAAHXZ 0000000140010730 f i FileIO-8f83e6.o
 0001:0000f770       ?imbue@?$basic_filebuf@DU?$char_traits@D@std@@@std@@MEAAXAEBVlocale@2@@Z 0000000140010770 f i FileIO-8f83e6.o
 0001:0000f7f0       ??_G?$basic_streambuf@DU?$char_traits@D@std@@@std@@UEAAPEAXI@Z 00000001400107f0 f i FileIO-8f83e6.o
 0001:0000f850       ?_Lock@?$basic_streambuf@DU?$char_traits@D@std@@@std@@UEAAXXZ 0000000140010850 f i FileIO-8f83e6.o
 0001:0000f850       ?_Unlock@?$basic_streambuf@DU?$char_traits@D@std@@@std@@UEAAXXZ 0000000140010850 f i FileIO-8f83e6.o
 0001:0000f850       ?imbue@?$basic_streambuf@DU?$char_traits@D@std@@@std@@MEAAXAEBVlocale@2@@Z 0000000140010850 f i FileIO-8f83e6.o
 0001:0000f860       ?overflow@?$basic_streambuf@DU?$char_traits@D@std@@@std@@MEAAHH@Z 0000000140010860 f i FileIO-8f83e6.o
 0001:0000f860       ?pbackfail@?$basic_streambuf@DU?$char_traits@D@std@@@std@@MEAAHH@Z 0000000140010860 f i FileIO-8f83e6.o
 0001:0000f860       ?underflow@?$basic_streambuf@DU?$char_traits@D@std@@@std@@MEAAHXZ 0000000140010860 f i FileIO-8f83e6.o
 0001:0000f870       ?uflow@?$basic_streambuf@DU?$char_traits@D@std@@@std@@MEAAHXZ 0000000140010870 f i FileIO-8f83e6.o
 0001:0000f8c0       ?xsgetn@?$basic_streambuf@DU?$char_traits@D@std@@@std@@MEAA_JPEAD_J@Z 00000001400108c0 f i FileIO-8f83e6.o
 0001:0000f980       ?xsputn@?$basic_streambuf@DU?$char_traits@D@std@@@std@@MEAA_JPEBD_J@Z 0000000140010980 f i FileIO-8f83e6.o
 0001:0000fa40       ?seekoff@?$basic_streambuf@DU?$char_traits@D@std@@@std@@MEAA?AV?$fpos@U_Mbstatet@@@2@_JHH@Z 0000000140010a40 f i FileIO-8f83e6.o
 0001:0000fa40       ?seekpos@?$basic_streambuf@DU?$char_traits@D@std@@@std@@MEAA?AV?$fpos@U_Mbstatet@@@2@V32@H@Z 0000000140010a40 f i FileIO-8f83e6.o
 0001:0000fa60       ?setbuf@?$basic_streambuf@DU?$char_traits@D@std@@@std@@MEAAPEAV12@PEAD_J@Z 0000000140010a60 f i FileIO-8f83e6.o
 0001:0000fa70       ??1?$basic_string@DU?$char_traits@D@std@@V?$allocator@D@2@@std@@QEAA@XZ 0000000140010a70 f i FileIO-8f83e6.o
 0001:0000fb00       ??$_Reallocate_grow_by@V<lambda_1>@?0??push_back@?$basic_string@DU?$char_traits@D@std@@V?$allocator@D@2@@std@@QEAAXD@Z@D@?$basic_string@DU?$char_traits@D@std@@V?$allocator@D@2@@std@@AEAAAEAV01@_KV<lambda_1>@?0??push_back@01@QEAAXD@Z@D@Z 0000000140010b00 f i FileIO-8f83e6.o
 0001:0000fc80       ?_Xlen_string@std@@YAXXZ   0000000140010c80 f i FileIO-8f83e6.o
 0001:0000fca0       ?_Throw_bad_array_new_length@std@@YAXXZ 0000000140010ca0 f i FileIO-8f83e6.o
 0001:0000fce0       ??0bad_array_new_length@std@@QEAA@AEBV01@@Z 0000000140010ce0 f i FileIO-8f83e6.o
 0001:0000fd50       ??0bad_alloc@std@@QEAA@AEBV01@@Z 0000000140010d50 f i FileIO-8f83e6.o
 0001:0000fdc0       ??0exception@std@@QEAA@AEBV01@@Z 0000000140010dc0 f i FileIO-8f83e6.o
 0001:0000fe30       ??_E_System_error@std@@UEAAPEAXI@Z 0000000140010e30 f i FileIO-8f83e6.o
 0001:0000fe30       ??_Ebad_alloc@std@@UEAAPEAXI@Z 0000000140010e30 f i FileIO-8f83e6.o
 0001:0000fe30       ??_Ebad_array_new_length@std@@UEAAPEAXI@Z 0000000140010e30 f i FileIO-8f83e6.o
 0001:0000fe30       ??_Eexception@std@@UEAAPEAXI@Z 0000000140010e30 f i FileIO-8f83e6.o
 0001:0000fe30       ??_Efailure@ios_base@std@@UEAAPEAXI@Z 0000000140010e30 f i FileIO-8f83e6.o
 0001:0000fe30       ??_Eruntime_error@std@@UEAAPEAXI@Z 0000000140010e30 f i FileIO-8f83e6.o
 0001:0000fe30       ??_Esystem_error@std@@UEAAPEAXI@Z 0000000140010e30 f i FileIO-8f83e6.o
 0001:0000fe30       ??_G_System_error@std@@UEAAPEAXI@Z 0000000140010e30 f i FileIO-8f83e6.o
 0001:0000fe30       ??_Gbad_alloc@std@@UEAAPEAXI@Z 0000000140010e30 f i FileIO-8f83e6.o
 0001:0000fe30       ??_Gbad_array_new_length@std@@UEAAPEAXI@Z 0000000140010e30 f i FileIO-8f83e6.o
 0001:0000fe30       ??_Gexception@std@@UEAAPEAXI@Z 0000000140010e30 f i FileIO-8f83e6.o
 0001:0000fe30       ??_Gfailure@ios_base@std@@UEAAPEAXI@Z 0000000140010e30 f i FileIO-8f83e6.o
 0001:0000fe30       ??_Gruntime_error@std@@UEAAPEAXI@Z 0000000140010e30 f i FileIO-8f83e6.o
 0001:0000fe30       ??_Gsystem_error@std@@UEAAPEAXI@Z 0000000140010e30 f i FileIO-8f83e6.o
 0001:0000fea0       ?what@exception@std@@UEBAPEBDXZ 0000000140010ea0 f i FileIO-8f83e6.o
 0001:0000fec0       ??$use_facet@V?$codecvt@DDU_Mbstatet@@@std@@@std@@YAAEBV?$codecvt@DDU_Mbstatet@@@0@AEBVlocale@0@@Z 0000000140010ec0 f i FileIO-8f83e6.o
 0001:000100b0       ??0_Locinfo@std@@QEAA@PEBD@Z 00000001400110b0 f i FileIO-8f83e6.o
 0001:00010210       ??1_Locinfo@std@@QEAA@XZ   0000000140011210 f i FileIO-8f83e6.o
 0001:000102e0       ??_E?$codecvt@DDU_Mbstatet@@@std@@MEAAPEAXI@Z 00000001400112e0 f i FileIO-8f83e6.o
 0001:000102e0       ??_E_Iostream_error_category2@std@@UEAAPEAXI@Z 00000001400112e0 f i FileIO-8f83e6.o
 0001:000102e0       ??_G?$codecvt@DDU_Mbstatet@@@std@@MEAAPEAXI@Z 00000001400112e0 f i FileIO-8f83e6.o
 0001:000102e0       ??_G_Iostream_error_category2@std@@UEAAPEAXI@Z 00000001400112e0 f i FileIO-8f83e6.o
 0001:00010300       ?_Incref@facet@locale@std@@UEAAXXZ 0000000140011300 f i FileIO-8f83e6.o
 0001:00010310       ?_Decref@facet@locale@std@@UEAAPEAV_Facet_base@3@XZ 0000000140011310 f i FileIO-8f83e6.o
 0001:00010320       ?do_always_noconv@?$codecvt@DDU_Mbstatet@@@std@@MEBA_NXZ 0000000140011320 f i FileIO-8f83e6.o
 0001:00010320       __acrt_uninitialize_command_line 0000000140011320 f i libucrt:argv_data.obj
 0001:00010320       _should_initialize_environment 0000000140011320 f i libcmt:env_mode.obj
 0001:00010330       ?do_encoding@codecvt_base@std@@MEBAHXZ 0000000140011330 f i FileIO-8f83e6.o
 0001:00010330       ?do_max_length@codecvt_base@std@@MEBAHXZ 0000000140011330 f i FileIO-8f83e6.o
 0001:00010330       _get_startup_argv_mode     0000000140011330 f i libcmt:argv_mode.obj
 0001:00010340       ?do_in@?$codecvt@DDU_Mbstatet@@@std@@MEBAHAEAU_Mbstatet@@PEBD1AEAPEBDPEAD3AEAPEAD@Z 0000000140011340 f i FileIO-8f83e6.o
 0001:00010340       ?do_out@?$codecvt@DDU_Mbstatet@@@std@@MEBAHAEAU_Mbstatet@@PEBD1AEAPEBDPEAD3AEAPEAD@Z 0000000140011340 f i FileIO-8f83e6.o
 0001:00010360       ?do_unshift@?$codecvt@DDU_Mbstatet@@@std@@MEBAHAEAU_Mbstatet@@PEAD1AEAPEAD@Z 0000000140011360 f i FileIO-8f83e6.o
 0001:00010370       ?do_length@?$codecvt@DDU_Mbstatet@@@std@@MEBAHAEAU_Mbstatet@@PEBD1_K@Z 0000000140011370 f i FileIO-8f83e6.o
 0001:00010390       ??_E_Facet_base@std@@UEAAPEAXI@Z 0000000140011390 f i FileIO-8f83e6.o
 0001:00010390       ??_G_Facet_base@std@@UEAAPEAXI@Z 0000000140011390 f i FileIO-8f83e6.o
 0001:000103a0       ??_G?$basic_ios@DU?$char_traits@D@std@@@std@@UEAAPEAXI@Z 00000001400113a0 f i FileIO-8f83e6.o
 0001:000103a0       ??_Gios_base@std@@UEAAPEAXI@Z 00000001400113a0 f i FileIO-8f83e6.o
 0001:00010400       ??_E?$basic_ifstream@DU?$char_traits@D@std@@@std@@$4PPPPPPPM@A@EAAPEAXI@Z 0000000140011400 f i FileIO-8f83e6.o
 0001:000104d0       ?open@?$basic_filebuf@DU?$char_traits@D@std@@@std@@QEAAPEAV12@PEBDHH@Z 00000001400114d0 f i FileIO-8f83e6.o
 0001:000106f0       ?setstate@?$basic_ios@DU?$char_traits@D@std@@@std@@QEAAXH_N@Z 00000001400116f0 f i FileIO-8f83e6.o
 0001:00010790       ?init@?$basic_ios@DU?$char_traits@D@std@@@std@@IEAAXPEAV?$basic_streambuf@DU?$char_traits@D@std@@@2@_N@Z 0000000140011790 f i FileIO-8f83e6.o
 0001:00010940       ??_E?$basic_ostream@DU?$char_traits@D@std@@@std@@$4PPPPPPPM@A@EAAPEAXI@Z 0000000140011940 f i FileIO-8f83e6.o
 0001:000109c0       ?make_error_code@std@@YA?AVerror_code@1@W4io_errc@1@@Z 00000001400119c0 f i FileIO-8f83e6.o
 0001:00010a40       ??0failure@ios_base@std@@QEAA@PEBDAEBVerror_code@2@@Z 0000000140011a40 f i FileIO-8f83e6.o
 0001:00010a80       ??0failure@ios_base@std@@QEAA@AEBV012@@Z 0000000140011a80 f i FileIO-8f83e6.o
 0001:00010b00       ??0system_error@std@@QEAA@AEBV01@@Z 0000000140011b00 f i FileIO-8f83e6.o
 0001:00010b80       ??0_System_error@std@@QEAA@AEBV01@@Z 0000000140011b80 f i FileIO-8f83e6.o
 0001:00010c00       ??0runtime_error@std@@QEAA@AEBV01@@Z 0000000140011c00 f i FileIO-8f83e6.o
 0001:00010c70       ??1exception@std@@UEAA@XZ  0000000140011c70 f i FileIO-8f83e6.o
 0001:00010cc0       ?name@_Iostream_error_category2@std@@UEBAPEBDXZ 0000000140011cc0 f i FileIO-8f83e6.o
 0001:00010cd0       ?message@_Iostream_error_category2@std@@UEBA?AV?$basic_string@DU?$char_traits@D@std@@V?$allocator@D@2@@2@H@Z 0000000140011cd0 f i FileIO-8f83e6.o
 0001:00010e00       ?default_error_condition@error_category@std@@UEBA?AVerror_condition@2@H@Z 0000000140011e00 f i FileIO-8f83e6.o
 0001:00010e10       ?equivalent@error_category@std@@UEBA_NAEBVerror_code@2@H@Z 0000000140011e10 f i FileIO-8f83e6.o
 0001:00010e30       ?equivalent@error_category@std@@UEBA_NHAEBVerror_condition@2@@Z 0000000140011e30 f i FileIO-8f83e6.o
 0001:00010e70       ??0system_error@std@@QEAA@Verror_code@1@PEBD@Z 0000000140011e70 f i FileIO-8f83e6.o
 0001:00011010       ??0_System_error@std@@IEAA@Verror_code@1@AEBV?$basic_string@DU?$char_traits@D@std@@V?$allocator@D@2@@1@@Z 0000000140012010 f i FileIO-8f83e6.o
 0001:000111d0       ?_Makestr@_System_error@std@@CA?AV?$basic_string@DU?$char_traits@D@std@@V?$allocator@D@2@@2@Verror_code@2@V32@@Z 00000001400121d0 f i FileIO-8f83e6.o
 0001:000113c0       ??$_Reallocate_grow_by@V<lambda_1>@?0??append@?$basic_string@DU?$char_traits@D@std@@V?$allocator@D@2@@std@@QEAAAEAV34@QEBD_K@Z@PEBD_K@?$basic_string@DU?$char_traits@D@std@@V?$allocator@D@2@@std@@AEAAAEAV01@_KV<lambda_1>@?0??append@01@QEAAAEAV01@QEBD0@Z@PEBD_K@Z 00000001400123c0 f i FileIO-8f83e6.o
 0001:00011560       ??$use_facet@V?$ctype@D@std@@@std@@YAAEBV?$ctype@D@0@AEBVlocale@0@@Z 0000000140012560 f i FileIO-8f83e6.o
 0001:00011760       ??_E?$ctype@D@std@@MEAAPEAXI@Z 0000000140012760 f i FileIO-8f83e6.o
 0001:00011760       ??_G?$ctype@D@std@@MEAAPEAXI@Z 0000000140012760 f i FileIO-8f83e6.o
 0001:000117c0       ?do_tolower@?$ctype@D@std@@MEBAPEBDPEADPEBD@Z 00000001400127c0 f i FileIO-8f83e6.o
 0001:00011810       ?do_tolower@?$ctype@D@std@@MEBADD@Z 0000000140012810 f i FileIO-8f83e6.o
 0001:00011820       ?do_toupper@?$ctype@D@std@@MEBAPEBDPEADPEBD@Z 0000000140012820 f i FileIO-8f83e6.o
 0001:00011870       ?do_toupper@?$ctype@D@std@@MEBADD@Z 0000000140012870 f i FileIO-8f83e6.o
 0001:00011880       ?do_widen@?$ctype@D@std@@MEBAPEBDPEBD0PEAD@Z 0000000140012880 f i FileIO-8f83e6.o
 0001:000118a0       ?do_narrow@?$ctype@D@std@@MEBADDD@Z 00000001400128a0 f i FileIO-8f83e6.o
 0001:000118a0       ?do_widen@?$ctype@D@std@@MEBADD@Z 00000001400128a0 f i FileIO-8f83e6.o
 0001:000118b0       ?do_narrow@?$ctype@D@std@@MEBAPEBDPEBD0DPEAD@Z 00000001400128b0 f i FileIO-8f83e6.o
 0001:000118d0       ??1sentry@?$basic_ostream@DU?$char_traits@D@std@@@std@@QEAA@XZ 00000001400128d0 f i FileIO-8f83e6.o
 0001:00011940       ?flush@?$basic_ostream@DU?$char_traits@D@std@@@std@@QEAAAEAV12@XZ 0000000140012940 f i FileIO-8f83e6.o
 0001:00011b90       ??1_Sentry_base@?$basic_istream@DU?$char_traits@D@std@@@std@@QEAA@XZ 0000000140012b90 f i FileIO-8f83e6.o
 0001:00011b90       ??1_Sentry_base@?$basic_ostream@DU?$char_traits@D@std@@@std@@QEAA@XZ 0000000140012b90 f i FileIO-8f83e6.o
 0001:00011bf0       ?_Osfx@?$basic_ostream@DU?$char_traits@D@std@@@std@@QEAAXXZ 0000000140012bf0 f i FileIO-8f83e6.o
 0001:00011d00       ??_E?$basic_istream@DU?$char_traits@D@std@@@std@@$4PPPPPPPM@A@EAAPEAXI@Z 0000000140012d00 f i FileIO-8f83e6.o
 0001:00011d80       ?_Ipfx@?$basic_istream@DU?$char_traits@D@std@@@std@@QEAA_N_N@Z 0000000140012d80 f i FileIO-8f83e6.o
 0001:00012070       ?printFStack@StIO@@SAXXZ   0000000140013070 f   StIO-3fea2d.o
 0001:000120b0       ?printF@StIO@@SAXPEBD@Z    00000001400130b0 f   StIO-3fea2d.o
 0001:000120d0       ?putS@StIO@@SAXPEBD@Z      00000001400130d0 f   StIO-3fea2d.o
 0001:000120e0       ?printFD@StIO@@SAX_J@Z     00000001400130e0 f   StIO-3fea2d.o
 0001:00012100       ?printFUD@StIO@@SAX_K@Z    0000000140013100 f   StIO-3fea2d.o
 0001:00012120       ?printFX@StIO@@SAXI@Z      0000000140013120 f   StIO-3fea2d.o
 0001:00012140       ?putChar@StIO@@SAXH@Z      0000000140013140 f   StIO-3fea2d.o
 0001:00012150       ?putLF@StIO@@SAXXZ         0000000140013150 f   StIO-3fea2d.o
 0001:00012160       ?putWChar@StIO@@SAXG@Z     0000000140013160 f   StIO-3fea2d.o
 0001:00012170       ?putCharBuf@StIO@@SAXAEBVCharBuf@@@Z 0000000140013170 f   StIO-3fea2d.o
 0001:000121f0       printf                     00000001400131f0 f i StIO-3fea2d.o
 0001:00012250       __local_stdio_printf_options 0000000140013250 f i StIO-3fea2d.o
 0001:00012260       ?sleep@Threads@@SAXH@Z     0000000140013260 f   Threads-1f69c9.o
 0001:00012280       ??$sleep_for@_JU?$ratio@$00$0DOI@@std@@@this_thread@std@@YAXAEBV?$duration@_JU?$ratio@$00$0DOI@@std@@@chrono@1@@Z 0000000140013280 f i Threads-1f69c9.o
 0001:000123c0       ??$sleep_until@Usteady_clock@chrono@std@@V?$duration@_JU?$ratio@$00$0DLJKMKAA@@std@@@23@@this_thread@std@@YAXAEBV?$time_point@Usteady_clock@chrono@std@@V?$duration@_JU?$ratio@$00$0DLJKMKAA@@std@@@23@@chrono@1@@Z 00000001400133c0 f i Threads-1f69c9.o
 0001:00012530       ?setSize@Uint16Buf@@QEAAXH@Z 0000000140013530 f   Uint16Buf-9ce39c.o
 0001:00012590       ?increaseSize@Uint16Buf@@AEAAXH@Z 0000000140013590 f   Uint16Buf-9ce39c.o
 0001:000125a0       ?copy@Uint16Buf@@QEAAXAEBV1@@Z 00000001400135a0 f   Uint16Buf-9ce39c.o
 0001:000125c0       ?appendU16@Uint16Buf@@QEAAXG@Z 00000001400135c0 f   Uint16Buf-9ce39c.o
 0001:00012640       ?appendCharBuf@Uint16Buf@@QEAAXAEBVCharBuf@@@Z 0000000140013640 f   Uint16Buf-9ce39c.o
 0001:000127a0       ?increaseSize@Uint16Array@@QEAAXH@Z 00000001400137a0 f i Uint16Buf-9ce39c.o
 0001:00012930       ?copy@Uint16Array@@QEAAXAEBV1@HH@Z 0000000140013930 f i Uint16Buf-9ce39c.o
 0001:00012ac0       ?u16BufToCharBuf@UTF8Str@@SAXAEBVUint16Buf@@AEAVCharBuf@@@Z 0000000140013ac0 f   UTF8Str-a526aa.o
 0001:00012bd0       ?charBufToU16Buf@UTF8Str@@QEAAXAEBVCharBuf@@AEAVUint16Buf@@@Z 0000000140013bd0 f   UTF8Str-a526aa.o
 0001:00012d80       ?parseOneExten@CertExten@@QEAA_NAEBVCharBuf@@AEAV2@@Z 0000000140013d80 f   CertExten-605d09.o
 0001:00013440       ?parseBasicConstraints@CertExten@@QEAA_N_N@Z 0000000140014440 f   CertExten-605d09.o
 0001:00013460       ?parseKeyUsage@CertExten@@QEAA_N_N@Z 0000000140014460 f   CertExten-605d09.o
 0001:00013480       ?parseOneCert@Certificate@@QEAAIAEBVCharBuf@@AEAVTlsMain@@@Z 0000000140014480 f   Certificate-25f9b2.o
 0001:00013d30       ?parseTbsCert@Certificate@@QEAAIAEBVCharBuf@@AEAVTlsMain@@@Z 0000000140014d30 f   Certificate-25f9b2.o
 0001:00013e20       ?parseAlgID@Certificate@@QEAAIAEBVCharBuf@@@Z 0000000140014e20 f   Certificate-25f9b2.o
 0001:00013e70       ?parseVersion@Certificate@@QEAAHAEBVCharBuf@@@Z 0000000140014e70 f   Certificate-25f9b2.o
 0001:00014170       ?parseSerialNum@Certificate@@QEAAHAEBVCharBuf@@HAEAVTlsMain@@@Z 0000000140015170 f   Certificate-25f9b2.o
 0001:00014480       ?parseTbsSigAlgID@Certificate@@QEAAHAEBVCharBuf@@H@Z 0000000140015480 f   Certificate-25f9b2.o
 0001:00014960       ?parseIssuer@Certificate@@QEAAHAEBVCharBuf@@H@Z 0000000140015960 f   Certificate-25f9b2.o
 0001:00015110       ?parseValidity@Certificate@@QEAAHAEBVCharBuf@@H@Z 0000000140016110 f   Certificate-25f9b2.o
 0001:00015540       ?parseSubject@Certificate@@QEAAHAEBVCharBuf@@H@Z 0000000140016540 f   Certificate-25f9b2.o
 0001:00015cb0       ?parseSubjectPubKey@Certificate@@QEAAHAEBVCharBuf@@HAEAVTlsMain@@@Z 0000000140016cb0 f   Certificate-25f9b2.o
 0001:00016620       ?parseUniqueID@Certificate@@QEAAHAEBVCharBuf@@H@Z 0000000140017620 f   Certificate-25f9b2.o
 0001:000168b0       ?parseExtensions@Certificate@@QEAAHAEBVCharBuf@@H@Z 00000001400178b0 f   Certificate-25f9b2.o
 0001:00016f30       ??0CertExten@@QEAA@XZ      0000000140017f30 f i Certificate-25f9b2.o
 0001:00017630       ??1CertExten@@QEAA@XZ      0000000140018630 f i Certificate-25f9b2.o
 0001:000176d0       ?parseCertMsg@CertMesg@@QEAAIAEBVCharBuf@@AEAVTlsMain@@@Z 00000001400186d0 f   CertMesg-a4ef86.o
 0001:00017f00       ?parseCertVerMsg@CertVerMesg@@QEAAIAEBVCharBuf@@AEAVTlsMain@@@Z 0000000140018f00 f   CertVerMesg-c5b315.o
 0001:00017f60       ??0ClientHello@@QEAA@XZ    0000000140018f60 f   ClientHello-c57bea.o
 0001:00018000       ??0ClientHello@@QEAA@AEBV0@@Z 0000000140019000 f   ClientHello-c57bea.o
 0001:000180f0       ??1ClientHello@@QEAA@XZ    00000001400190f0 f   ClientHello-c57bea.o
 0001:00018100       ?parseBuffer@ClientHello@@QEAAIAEBVCharBuf@@AEAVTlsMain@@AEAVEncryptTls@@@Z 0000000140019100 f   ClientHello-c57bea.o
 0001:000188f0       ?makeHelloBuf@ClientHello@@QEAAXAEAVCharBuf@@AEAVTlsMain@@AEAVEncryptTls@@@Z 00000001400198f0 f   ClientHello-c57bea.o
 0001:00019190       ?startTestVecHandshake@ClientTls@@QEAA_NAEBVCharBuf@@0@Z 000000014001a190 f   ClientTls-8977a0.o
 0001:000191a0       ?startHandshake@ClientTls@@QEAA_NAEBVCharBuf@@0@Z 000000014001a1a0 f   ClientTls-8977a0.o
 0001:000191b0       ?processData@ClientTls@@QEAAHXZ 000000014001a1b0 f   ClientTls-8977a0.o
 0001:00019280       ?getValue@DerEncode@@QEBAXAEAVCharBuf@@@Z 000000014001a280 f   DerEncode-6ee611.o
 0001:00019290       ?readOneTag@DerEncode@@QEAAHAEBVCharBuf@@HAEA_NAEAV2@H@Z 000000014001a290 f   DerEncode-6ee611.o
 0001:00019a30       ?showTag@DerEncode@@QEAAXIIAEAVCharBuf@@@Z 000000014001aa30 f   DerEncode-6ee611.o
 0001:00019de0       ?readAllTags@DerEncodeLoop@@QEAAHAEBVCharBuf@@HAEAV2@H@Z 000000014001ade0 f   DerEncodeLoop-71fc1e.o
 0001:0001a080       ?makeFromCharBuf@DerObjID@@SAXAEBVCharBuf@@AEAV2@@Z 000000014001b080 f   DerObjID-cf3353.o
 0001:0001a7c0       ?getOneNumber@DerObjID@@SA_KAEAVCharBuf@@@Z 000000014001b7c0 f   DerObjID-cf3353.o
 0001:0001a9b0       ?extract@EncryptTls@@AEAAXAEAVCharBuf@@AEBV2@1@Z 000000014001b9b0 f   EncryptTls-97e3d9.o
 0001:0001a9c0       ?expand@EncryptTls@@AEAAXAEAVCharBuf@@AEBV2@1@Z 000000014001b9c0 f   EncryptTls-97e3d9.o
 0001:0001ab10       ?hkdfExpandLabel@EncryptTls@@AEAAXAEAVCharBuf@@AEBV2@11H@Z 000000014001bb10 f   EncryptTls-97e3d9.o
 0001:0001ad90       ?deriveSecret@EncryptTls@@AEAAXAEAVCharBuf@@AEBV2@11@Z 000000014001bd90 f   EncryptTls-97e3d9.o
 0001:0001aee0       ?setHandshakeKeys@EncryptTls@@QEAAXAEAVTlsMain@@AEAVInteger@@@Z 000000014001bee0 f   EncryptTls-97e3d9.o
 0001:0001c6f0       ?makeMsgTranscript2@EncryptTls@@AEAAXAEAVCharBuf@@AEAVTlsMain@@@Z 000000014001d6f0 f   EncryptTls-97e3d9.o
 0001:0001ce20       ?setAppDataKeys@EncryptTls@@QEAAXAEAVTlsMain@@@Z 000000014001de20 f   EncryptTls-97e3d9.o
 0001:0001dc90       ?setDiffHelmOnClient@EncryptTls@@QEAAXAEAVTlsMain@@AEAVInteger@@@Z 000000014001ec90 f   EncryptTls-97e3d9.o
 0001:0001ded0       ?setDiffHelmOnServer@EncryptTls@@QEAAXAEAVTlsMain@@AEAVInteger@@@Z 000000014001eed0 f   EncryptTls-97e3d9.o
 0001:0001e110       ?srvWriteDecryptCharBuf@EncryptTls@@QEAAXAEBVCharBuf@@AEAV2@@Z 000000014001f110 f   EncryptTls-97e3d9.o
 0001:0001e480       ?clWriteDecryptCharBuf@EncryptTls@@QEAAXAEBVCharBuf@@AEAV2@@Z 000000014001f480 f   EncryptTls-97e3d9.o
 0001:0001e7f0       ?makeClFinishedMsg@EncryptTls@@QEAAXAEAVTlsMain@@AEAVCharBuf@@@Z 000000014001f7f0 f   EncryptTls-97e3d9.o
 0001:0001e800       ?xorFrom@CharBuf@@QEAAXAEBV1@@Z 000000014001f800 f i EncryptTls-97e3d9.o
 0001:0001e8c0       ?setFromMsg@ExtenList@@QEAAIAEBVCharBuf@@HAEAVTlsMain@@_NAEAVEncryptTls@@@Z 000000014001f8c0 f   ExtenList-52deab.o
 0001:0001eff0       ?setOneExt@ExtenList@@AEAAIIAEBVCharBuf@@AEAVTlsMain@@_NAEAVEncryptTls@@@Z 000000014001fff0 f   ExtenList-52deab.o
 0001:0001f2e0       ?makeClHelloBuf@ExtenList@@QEAA_NAEAVCharBuf@@AEAVTlsMain@@AEAVEncryptTls@@@Z 00000001400202e0 f   ExtenList-52deab.o
 0001:0001f860       ?makeSrvHelloBuf@ExtenList@@QEAA_NAEAVCharBuf@@AEAVTlsMain@@AEAVEncryptTls@@@Z 0000000140020860 f   ExtenList-52deab.o
 0001:0001fb50       ?sessionTicket@Extension@@QEAAIXZ 0000000140020b50 f   Extension-75d7f9.o
 0001:0001fb70       ?serverName@Extension@@QEAAIAEBVCharBuf@@AEAVTlsMain@@@Z 0000000140020b70 f   Extension-75d7f9.o
 0001:0001fe90       ?supportedVersions@Extension@@QEAAIAEBVCharBuf@@AEAVTlsMain@@_N@Z 0000000140020e90 f   Extension-75d7f9.o
 0001:000200e0       ?supportedGroups@Extension@@QEAAIAEBVCharBuf@@AEAVTlsMain@@@Z 00000001400210e0 f   Extension-75d7f9.o
 0001:000202b0       ?signatureAlgorithms@Extension@@QEAAIAEBVCharBuf@@AEAVTlsMain@@@Z 00000001400212b0 f   Extension-75d7f9.o
 0001:00020410       ?signatureAlgorithmsCert@Extension@@QEAAIAEBVCharBuf@@AEAVTlsMain@@@Z 0000000140021410 f   Extension-75d7f9.o
 0001:00020460       ?keyShare@Extension@@QEAAIAEBVCharBuf@@AEAVTlsMain@@_NAEAVEncryptTls@@@Z 0000000140021460 f   Extension-75d7f9.o
 0001:000208f0       ?parseMsg@FinishedMesg@@QEAAIAEBVCharBuf@@AEAVTlsMain@@@Z 00000001400218f0 f   FinishedMesg-8cddce.o
 0001:00020940       ??0HandshakeCl@@QEAA@XZ    0000000140021940 f   HandshakeCl-e7316f.o
 0001:00020bc0       ??0HandshakeCl@@QEAA@AEBV0@@Z 0000000140021bc0 f   HandshakeCl-e7316f.o
 0001:00020e00       ??1HandshakeCl@@QEAA@XZ    0000000140021e00 f   HandshakeCl-e7316f.o
 0001:00020e50       ?accumByte@HandshakeCl@@AEAAIE@Z 0000000140021e50 f   HandshakeCl-e7316f.o
 0001:00021070       ?parseMessage@HandshakeCl@@AEAAIAEAVTlsMain@@AEAEAEAVEncryptTls@@@Z 0000000140022070 f   HandshakeCl-e7316f.o
 0001:00021590       ?processInBuf@HandshakeCl@@QEAAIAEBVCharBuf@@AEAVTlsMain@@AEAEAEAVEncryptTls@@@Z 0000000140022590 f   HandshakeCl-e7316f.o
 0001:00021800       ?makeClHelloBuf@HandshakeCl@@QEAAXAEAVCharBuf@@AEAVTlsMain@@AEAVEncryptTls@@@Z 0000000140022800 f   HandshakeCl-e7316f.o
 0001:00021a60       ??0HandshakeSrv@@QEAA@XZ   0000000140022a60 f   HandshakeSrv-eaa349.o
 0001:00021ce0       ??0HandshakeSrv@@QEAA@AEBV0@@Z 0000000140022ce0 f   HandshakeSrv-eaa349.o
 0001:00021f20       ??1HandshakeSrv@@QEAA@XZ   0000000140022f20 f   HandshakeSrv-eaa349.o
 0001:00021f70       ?accumByte@HandshakeSrv@@AEAAIE@Z 0000000140022f70 f   HandshakeSrv-eaa349.o
 0001:00022190       ?parseMessage@HandshakeSrv@@AEAAIAEAVTlsMain@@AEAEAEAVEncryptTls@@@Z 0000000140023190 f   HandshakeSrv-eaa349.o
 0001:00022460       ?processInBuf@HandshakeSrv@@QEAAIAEBVCharBuf@@AEAVTlsMain@@AEAEAEAVEncryptTls@@@Z 0000000140023460 f   HandshakeSrv-eaa349.o
 0001:000226d0       ?makeSrvHelloBuf@HandshakeSrv@@QEAAXAEAVCharBuf@@AEAVTlsMain@@AEAVEncryptTls@@@Z 00000001400236d0 f   HandshakeSrv-eaa349.o
 0001:00022940       ??0NetClient@@QEAA@XZ      0000000140023940 f   NetClient-bca97d.o
 0001:00022960       ??0NetClient@@QEAA@AEBV0@@Z 0000000140023960 f   NetClient-bca97d.o
 0001:000229b0       ??1NetClient@@QEAA@XZ      00000001400239b0 f   NetClient-bca97d.o
 0001:00022a10       ?closeSocket@NetClient@@QEAAXXZ 0000000140023a10 f   NetClient-bca97d.o
 0001:00022a40       ?connect@NetClient@@QEAA_NAEBVCharBuf@@0@Z 0000000140023a40 f   NetClient-bca97d.o
 0001:00022a80       ?sendCharBuf@NetClient@@QEAAHAEBVCharBuf@@@Z 0000000140023a80 f   NetClient-bca97d.o
 0001:00022aa0       ?receiveCharBuf@NetClient@@QEAA_NAEAVCharBuf@@@Z 0000000140023aa0 f   NetClient-bca97d.o
 0001:00022af0       ??0SClientArray@@QEAA@XZ   0000000140023af0 f   SClientArray-44ad03.o
 0001:00022b60       ??0SClientArray@@QEAA@AEBV0@@Z 0000000140023b60 f   SClientArray-44ad03.o
 0001:00022c00       ??1SClientArray@@QEAA@XZ   0000000140023c00 f   SClientArray-44ad03.o
 0001:00022c10       ?addNewClient@SClientArray@@QEAA_NPEAVSrvClient@@@Z 0000000140023c10 f   SClientArray-44ad03.o
 0001:00022c80       ?closeAllSockets@SClientArray@@QEAAXXZ 0000000140023c80 f   SClientArray-44ad03.o
 0001:00022ce0       ?processData@SClientArray@@QEAAXXZ 0000000140023ce0 f   SClientArray-44ad03.o
 0001:00022d70       ??0Server@@QEAA@XZ         0000000140023d70 f   Server-6b994e.o
 0001:00022da0       ??0Server@@QEAA@AEBV0@@Z   0000000140023da0 f   Server-6b994e.o
 0001:00022e40       ??1Server@@QEAA@XZ         0000000140023e40 f   Server-6b994e.o
 0001:00022e50       ?addNewClient@Server@@QEAA_NPEAVSrvClient@@@Z 0000000140023e50 f   Server-6b994e.o
 0001:00022e60       ?startServer@Server@@QEAA_NPEBD0@Z 0000000140023e60 f   Server-6b994e.o
 0001:00022ec0       ?oneLoop@Server@@QEAA_NXZ  0000000140023ec0 f   Server-6b994e.o
 0001:00022f30       ??0ServerHello@@QEAA@XZ    0000000140023f30 f   ServerHello-92682c.o
 0001:00022fd0       ??0ServerHello@@QEAA@AEBV0@@Z 0000000140023fd0 f   ServerHello-92682c.o
 0001:000230c0       ??1ServerHello@@QEAA@XZ    00000001400240c0 f   ServerHello-92682c.o
 0001:000230d0       ?parseBuffer@ServerHello@@QEAAIAEBVCharBuf@@AEAVTlsMain@@AEAVEncryptTls@@@Z 00000001400240d0 f   ServerHello-92682c.o
 0001:00023700       ?makeHelloBuf@ServerHello@@QEAAXAEAVCharBuf@@AEAVTlsMain@@AEAVEncryptTls@@@Z 0000000140024700 f   ServerHello-92682c.o
 0001:00023e20       ??0ServerTls@@QEAA@XZ      0000000140024e20 f   ServerTls-6fd03c.o
 0001:00023e40       ??0ServerTls@@QEAA@AEBV0@@Z 0000000140024e40 f   ServerTls-6fd03c.o
 0001:00023ed0       ??1ServerTls@@QEAA@XZ      0000000140024ed0 f   ServerTls-6fd03c.o
 0001:00023ee0       ?startServer@ServerTls@@QEAA_NPEBD0@Z 0000000140024ee0 f   ServerTls-6fd03c.o
 0001:00023ef0       ?mainLoop@ServerTls@@QEAAXXZ 0000000140024ef0 f   ServerTls-6fd03c.o
 0001:000240e0       ??0SocketGetAddress@@QEAA@XZ 00000001400250e0 f   SocketsApiWin-7e7fe5.o
 0001:000240f0       ??1SocketGetAddress@@QEAA@XZ 00000001400250f0 f   SocketsApiWin-7e7fe5.o
 0001:00024150       ?getAddressInfo@SocketGetAddress@@QEAA_NAEBVCharBuf@@0_N1@Z 0000000140025150 f   SocketsApiWin-7e7fe5.o
 0001:00024300       ?moveToNextAddr@SocketGetAddress@@QEAA_NXZ 0000000140025300 f   SocketsApiWin-7e7fe5.o
 0001:00024320       ?getAddressBuf@SocketGetAddress@@SA_NAEAVCharBuf@@PEAUsockaddr@@@Z 0000000140025320 f   SocketsApiWin-7e7fe5.o
 0001:00024510       ??0SocketsApi@@QEAA@XZ     0000000140025510 f   SocketsApiWin-7e7fe5.o
 0001:00024560       ??0SocketsApi@@QEAA@AEBV0@@Z 0000000140025560 f   SocketsApiWin-7e7fe5.o
 0001:000245a0       ??1SocketsApi@@QEAA@XZ     00000001400255a0 f   SocketsApiWin-7e7fe5.o
 0001:000245e0       ?closeSocket@SocketsApi@@SAX_K@Z 00000001400255e0 f   SocketsApiWin-7e7fe5.o
 0001:00024600       ?shutdownRead@SocketsApi@@SAX_K@Z 0000000140025600 f   SocketsApiWin-7e7fe5.o
 0001:00024610       ?connectClient@SocketsApi@@SA_KAEBVCharBuf@@0@Z 0000000140025610 f   SocketsApiWin-7e7fe5.o
 0001:00024aa0       ?setNonBlocking@SocketsApi@@SA_N_K@Z 0000000140025aa0 f   SocketsApiWin-7e7fe5.o
 0001:00024b10       ?openServer@SocketsApi@@SA_KPEBD0_N@Z 0000000140025b10 f   SocketsApiWin-7e7fe5.o
 0001:00024ed0       ?acceptConnect@SocketsApi@@SA_K_KAEAVCharBuf@@@Z 0000000140025ed0 f   SocketsApiWin-7e7fe5.o
 0001:00025050       ?sendCharBuf@SocketsApi@@SAH_KAEBVCharBuf@@@Z 0000000140026050 f   SocketsApiWin-7e7fe5.o
 0001:000251f0       ?receiveCharBuf@SocketsApi@@SA_N_KAEAVCharBuf@@@Z 00000001400261f0 f   SocketsApiWin-7e7fe5.o
 0001:00025320       ??0SrvClient@@IEAA@XZ      0000000140026320 f   SrvClient-d45776.o
 0001:00025370       ??0SrvClient@@QEAA@_K@Z    0000000140026370 f   SrvClient-d45776.o
 0001:000253b0       ??0SrvClient@@QEAA@AEBV0@@Z 00000001400263b0 f   SrvClient-d45776.o
 0001:00025410       ??1SrvClient@@UEAA@XZ      0000000140026410 f   SrvClient-d45776.o
 0001:00025480       ?processData@SrvClient@@UEAAHXZ 0000000140026480 f   SrvClient-d45776.o
 0001:00025490       ?readSocket@SrvClient@@QEAAXAEAVCharBuf@@@Z 0000000140026490 f   SrvClient-d45776.o
 0001:000254e0       ?writeSocket@SrvClient@@QEAAHAEBVCharBuf@@@Z 00000001400264e0 f   SrvClient-d45776.o
 0001:00025530       ??_GSrvClient@@UEAAPEAXI@Z 0000000140026530 f i SrvClient-d45776.o
 0001:000255b0       ??0SrvClTls@@IEAA@XZ       00000001400265b0 f   SrvClTls-58f311.o
 0001:00025680       ??0SrvClTls@@QEAA@_K@Z     0000000140026680 f   SrvClTls-58f311.o
 0001:00025790       ??1SrvClTls@@UEAA@XZ       0000000140026790 f   SrvClTls-58f311.o
 0001:00025800       ?processData@SrvClTls@@UEAAHXZ 0000000140026800 f   SrvClTls-58f311.o
 0001:00025aa0       ??0TlsMainSrv@@QEAA@XZ     0000000140026aa0 f i SrvClTls-58f311.o
 0001:00025e70       ??1TlsMainSrv@@QEAA@XZ     0000000140026e70 f i SrvClTls-58f311.o
 0001:00025f20       ??_GSrvClTls@@UEAAPEAXI@Z  0000000140026f20 f i SrvClTls-58f311.o
 0001:00025fb0       ?processOutgoing@TlsMainCl@@QEAAHXZ 0000000140026fb0 f   TlsMainCl-89780c.o
 0001:000260d0       ?copyOutBuf@TlsMainCl@@QEAAXAEAVCharBuf@@@Z 00000001400270d0 f   TlsMainCl-89780c.o
 0001:00026100       ?processIncoming@TlsMainCl@@QEAAHXZ 0000000140027100 f   TlsMainCl-89780c.o
 0001:000267d0       ?sendPlainAlert@TlsMainCl@@QEAAXE@Z 00000001400277d0 f   TlsMainCl-89780c.o
 0001:00026810       ?processHandshake@TlsMainCl@@QEAAHAEBVCharBuf@@@Z 0000000140027810 f   TlsMainCl-89780c.o
 0001:00026c20       ?processAppData@TlsMainCl@@QEAAHAEBVCharBuf@@@Z 0000000140027c20 f   TlsMainCl-89780c.o
 0001:00026f30       ?sendTestVecFinished@TlsMainCl@@QEAA_NXZ 0000000140027f30 f   TlsMainCl-89780c.o
 0001:000271c0       ?startTestVecHandshake@TlsMainCl@@QEAA_NAEBVCharBuf@@0@Z 00000001400281c0 f   TlsMainCl-89780c.o
 0001:00027c20       ?startHandshake@TlsMainCl@@QEAA_NAEBVCharBuf@@0@Z 0000000140028c20 f   TlsMainCl-89780c.o
 0001:00027f60       ?showAlert@Alerts@@SAXE@Z  0000000140028f60 f i TlsMainCl-89780c.o
 0001:00028350       ?setTestVecServerCertOnly@TlsMainSrv@@QEAAXAEAVCharBuf@@@Z 0000000140029350 f   TlsMainSrv-bbf05b.o
 0001:000284a0       ?setTestVecServerHello@TlsMainSrv@@QEAAXAEAVCharBuf@@AEAVTlsMain@@@Z 00000001400294a0 f   TlsMainSrv-bbf05b.o
 0001:00028e30       ?processIncoming@TlsMainSrv@@QEAAHAEBVCharBuf@@AEAVTlsMain@@@Z 0000000140029e30 f   TlsMainSrv-bbf05b.o
 0001:000292e0       ?sendPlainAlert@TlsMainSrv@@QEAAXE@Z 000000014002a2e0 f   TlsMainSrv-bbf05b.o
 0001:00029320       ?processHandshake@TlsMainSrv@@QEAAHAEBVCharBuf@@AEAVTlsMain@@@Z 000000014002a320 f   TlsMainSrv-bbf05b.o
 0001:000299d0       ?processAppData@TlsMainSrv@@QEAAHAEBVCharBuf@@AEAVTlsMain@@@Z 000000014002a9d0 f   TlsMainSrv-bbf05b.o
 0001:00029ce0       ?sendChangeCipherSpec@TlsMainSrv@@QEAAXXZ 000000014002ace0 f   TlsMainSrv-bbf05b.o
 0001:00029d50       ?setTestVecServerCertOuter@TlsMainSrv@@QEAAXAEAVCharBuf@@@Z 000000014002ad50 f   TlsMainSrv-bbf05b.o
 0001:00029ea0       ?setTestVecServerEncExten@TlsMainSrv@@QEAAXAEAVCharBuf@@@Z 000000014002aea0 f   TlsMainSrv-bbf05b.o
 0001:00029ff0       ?setTestVecServerCertVerify@TlsMainSrv@@QEAAXAEAVCharBuf@@@Z 000000014002aff0 f   TlsMainSrv-bbf05b.o
 0001:0002a140       ?setTestVecServerFinished@TlsMainSrv@@QEAAXAEAVCharBuf@@@Z 000000014002b140 f   TlsMainSrv-bbf05b.o
 0001:0002a290       ?setTestVecNewSessionTicket@TlsMainSrv@@QEAAXAEAVCharBuf@@@Z 000000014002b290 f   TlsMainSrv-bbf05b.o
 0001:0002a3e0       ?copyOutBuf@TlsMainSrv@@QEAAXAEAVCharBuf@@@Z 000000014002b3e0 f   TlsMainSrv-bbf05b.o
 0001:0002a410       ?accumByte@TlsOuterRec@@QEAAIE@Z 000000014002b410 f   TlsOuterRec-2f5f15.o
 0001:0002a5f0       ?makeHandshakeRec@TlsOuterRec@@SAHAEBVCharBuf@@AEAV2@AEAVTlsMain@@@Z 000000014002b5f0 f   TlsOuterRec-2f5f15.o
 0001:0002a710       ?makeAppDataRec@TlsOuterRec@@SAHAEBVCharBuf@@AEAV2@AEAVTlsMain@@@Z 000000014002b710 f   TlsOuterRec-2f5f15.o
 0001:0002a830       ?addRoundKey@Aes@@AEAAXH@Z 000000014002b830 f   Aes-9fcd55.o
 0001:0002a930       ?subBytes@Aes@@AEAAXXZ     000000014002b930 f   Aes-9fcd55.o
 0001:0002a9f0       ?shiftRows@Aes@@AEAAXXZ    000000014002b9f0 f   Aes-9fcd55.o
 0001:0002aa30       ?mixColumns@Aes@@AEAAXXZ   000000014002ba30 f   Aes-9fcd55.o
 0001:0002afd0       ?encryptLoop@Aes@@QEAAXXZ  000000014002bfd0 f   Aes-9fcd55.o
 0001:0002b330       ?encryptCharBuf@Aes@@QEAAXAEBVCharBuf@@AEAV2@H@Z 000000014002c330 f   Aes-9fcd55.o
 0001:0002b370       ?encryptPolynom128@Aes@@QEAAXAEAVPolynom128@@@Z 000000014002c370 f   Aes-9fcd55.o
 0001:0002b470       ?encryptTest@Aes@@QEAAXXZ  000000014002c470 f   Aes-9fcd55.o
 0001:0002ba10       ?moveCharBufToState@AesState@@QEAAXAEBVCharBuf@@H@Z 000000014002ca10 f i Aes-9fcd55.o
 0001:0002bd80       ?moveStateToCharBuf@AesState@@QEAAXAEAVCharBuf@@@Z 000000014002cd80 f i Aes-9fcd55.o
 0001:0002be60       ?encryptTest@AesGalois@@QEAAXXZ 000000014002ce60 f   AesGalois-eee68e.o
 0001:0002c350       ?setKey@AesGalois@@QEAAXAEBVCharBuf@@H@Z 000000014002d350 f   AesGalois-eee68e.o
 0001:0002c3b0       ?encryptCharBuf@AesGalois@@QEAAXAEBVCharBuf@@00AEAV2@@Z 000000014002d3b0 f   AesGalois-eee68e.o
 0001:0002c500       ?decryptCharBuf@AesGalois@@QEAAXAEBVCharBuf@@00AEAV2@@Z 000000014002d500 f   AesGalois-eee68e.o
 0001:0002c940       ?makeHashSubKey@AesGalois@@AEAAXXZ 000000014002d940 f   AesGalois-eee68e.o
 0001:0002c990       ?setCharBufToBlock16@AesGalois@@AEAAXAEAVCharBuf@@@Z 000000014002d990 f   AesGalois-eee68e.o
 0001:0002c9f0       ?setJ0fromIV@AesGalois@@AEAAXAEBVCharBuf@@AEAVPolynom128@@@Z 000000014002d9f0 f   AesGalois-eee68e.o
 0001:0002cc50       ?gHash@AesGalois@@AEAAXAEBVCharBuf@@AEAVPolynom128@@@Z 000000014002dc50 f   AesGalois-eee68e.o
 0001:0002d4f0       ?gctr@AesGalois@@AEAAXAEBVCharBuf@@AEBVPolynom128@@AEAV2@@Z 000000014002e4f0 f   AesGalois-eee68e.o
 0001:0002da90       ?makeAuthTag@AesGalois@@AEAAXAEBVCharBuf@@0AEBVPolynom128@@AEAV2@@Z 000000014002ea90 f   AesGalois-eee68e.o
 0001:0002ddd0       ?multiply@Polynom128@@QEAAXAEBV1@0@Z 000000014002edd0 f i AesGalois-eee68e.o
 0001:0002e230       ?appendToCharBuf@Polynom128@@QEAAXAEAVCharBuf@@@Z 000000014002f230 f i AesGalois-eee68e.o
 0001:0002e310       ?keyExpansion@AesKeySched@@AEAAXAEBVAesSBox@@@Z 000000014002f310 f   AesKeySched-e19566.o
 0001:0002e5a0       ?setKey@AesKeySched@@QEAAXAEBVCharBuf@@HAEBVAesSBox@@@Z 000000014002f5a0 f   AesKeySched-e19566.o
 0001:0002e6b0       ?lettersToBits@Base64@@QEAAHAEAVCharBuf@@DDDD@Z 000000014002f6b0 f   Base64-ae634d.o
 0001:0002e910       ?codeToBytes@Base64@@QEAA_NAEAVCharBuf@@0@Z 000000014002f910 f   Base64-ae634d.o
 0001:0002e9e0       ?bytesToCode@Base64@@QEAA_NAEAVCharBuf@@0@Z 000000014002f9e0 f   Base64-ae634d.o
 0001:0002ed50       ?test@Base64@@QEAAXXZ      000000014002fd50 f   Base64-ae634d.o
 0001:0002f090       ?filterCharSet@Base64@@QEAAXAEAVCharBuf@@0@Z 0000000140030090 f   Base64-ae634d.o
 0001:0002f170       ?setupBoolAlpha@Base64@@QEAAXXZ 0000000140030170 f   Base64-ae634d.o
 0001:0002f2d0       ?greatestComDiv@Euclid@@SAXAEBVInteger@@0AEAV2@AEAVIntegerMath@@@Z 00000001400302d0 f   Euclid-4b5e91.o
 0001:0002f550       ?multInverse@Euclid@@SA_NAEBVInteger@@0AEAV2@1AEAVIntegerMath@@@Z 0000000140030550 f   Euclid-4b5e91.o
 0001:0002fd50       ?makeAPrime@Fermat@@SAXAEAVInteger@@HAEBVSPrimes@@AEAVMod@@AEAVIntegerMath@@@Z 0000000140030d50 f   Fermat-87405a.o
 0001:0002fe20       ?isPrime@Fermat@@SA_NAEAVInteger@@AEBVSPrimes@@AEAVMod@@AEAVIntegerMath@@@Z 0000000140030e20 f   Fermat-87405a.o
 0001:0002ffc0       ?isPrimeForOneValue@Fermat@@SA_NAEAVInteger@@_JAEAVMod@@AEAVIntegerMath@@@Z 0000000140030fc0 f   Fermat-87405a.o
 0001:000300d0       ?findIt@FindFacSm@@QEAA_JAEAVInteger@@_JAEBVSPrimes@@AEAVIntegerMath@@@Z 00000001400310d0 f   FindFacSm-eb81d6.o
 0001:000302e0       ?findSmall31@FindFacSm@@QEAA_JAEAVInteger@@_JAEAVIntegerMath@@@Z 00000001400312e0 f   FindFacSm-eb81d6.o
 0001:000304c0       ?makeSmallAr13@FindFacSm@@QEAAXXZ 00000001400314c0 f   FindFacSm-eb81d6.o
 0001:000305f0       ?makeBigAr19@FindFacSm@@QEAAXXZ 00000001400315f0 f   FindFacSm-eb81d6.o
 0001:00030770       ?makeIt@MakePrime@@QEAAXAEAVInteger@@HAEBVSPrimes@@AEAVMod@@AEAVIntegerMath@@@Z 0000000140031770 f   MakePrime-db421e.o
 0001:00030870       ?removeSmallP@MakePrime@@QEAAXAEAVInteger@@_JAEBVSPrimes@@AEAVIntegerMath@@@Z 0000000140031870 f   MakePrime-db421e.o
 0001:00030af0       ?isOnCurve@MCurve@@QEAA_NAEBVMPoint@@AEAVMod@@AEAVIntegerMath@@@Z 0000000140031af0 f   MCurve-538f45.o
 0001:00030d30       ?scalarMult@MCurve@@QEAA_NAEAVMPoint@@AEBVInteger@@AEAV3@AEAVIntegerMath@@AEAVMod@@@Z 0000000140031d30 f   MCurve-538f45.o
 0001:00031210       ?cSwap1@MCurve@@QEAAXHAEAVInteger@@0@Z 0000000140032210 f   MCurve-538f45.o
 0001:000312a0       ?montLadder1@MCurve@@QEAA_NAEAVInteger@@AEBV2@1AEAVIntegerMath@@AEAVMod@@@Z 00000001400322a0 f   MCurve-538f45.o
 0001:00031fa0       ?makeRandExponentK@MCurve@@QEAAXAEAVInteger@@AEAVCharBuf@@@Z 0000000140032fa0 f   MCurve-538f45.o
 0001:00032080       ?makeRandom32Bytes@MCurve@@QEAAXAEAVByteArray@@@Z 0000000140033080 f   MCurve-538f45.o
 0001:000321f0       ?clampK@MCurve@@QEAAXAEAVByteArray@@@Z 00000001400331f0 f   MCurve-538f45.o
 0001:00032250       ?cArrayToInt@MCurve@@QEAAXAEBVByteArray@@AEAVInteger@@@Z 0000000140033250 f   MCurve-538f45.o
 0001:00032310       ?makeThePrime@MCurve@@QEAAXAEAVIntegerMath@@@Z 0000000140033310 f   MCurve-538f45.o
 0001:00032630       ?clampU@MCurve@@QEAAXAEAVByteArray@@@Z 0000000140033630 f   MCurve-538f45.o
 0001:00032670       ?uCoordTo32Bytes@MCurve@@QEBAXAEBVInteger@@AEAVByteArray@@AEAVMod@@AEAVIntegerMath@@@Z 0000000140033670 f   MCurve-538f45.o
 0001:000328f0       ?isConjugate@MPoint@@QEBA_NAEBV1@AEBVInteger@@AEAVMod@@AEAVIntegerMath@@@Z 00000001400338f0 f   MPoint-bbd93d.o
 0001:00032a10       ?add@MPoint@@QEAA_NAEBV1@0AEBVInteger@@AEAV2@AEAVMod@@AEAVIntegerMath@@@Z 0000000140033a10 f   MPoint-bbd93d.o
 0001:000332f0       ?doubleP@MPoint@@QEAA_NAEBV1@AEBVInteger@@AEAV2@AEAVMod@@AEAVIntegerMath@@@Z 00000001400342f0 f   MPoint-bbd93d.o
 0001:00033b40       ??0QuadRes@@QEAA@XZ        0000000140034b40 f   QuadRes-65cbe1.o
 0001:00033c30       ??0QuadRes@@QEAA@AEBV0@@Z  0000000140034c30 f   QuadRes-65cbe1.o
 0001:00033d30       ??1QuadRes@@QEAA@XZ        0000000140034d30 f   QuadRes-65cbe1.o
 0001:00033d90       ?init@QuadRes@@QEAAXAEBVSPrimes@@@Z 0000000140034d90 f   QuadRes-65cbe1.o
 0001:00033f90       ?isSmallQR@QuadRes@@SA_NH@Z 0000000140034f90 f   QuadRes-65cbe1.o
 0001:00034070       ?isQR17@QuadRes@@SA_NH@Z   0000000140035070 f   QuadRes-65cbe1.o
 0001:000340d0       ?isQR19@QuadRes@@SA_NH@Z   00000001400350d0 f   QuadRes-65cbe1.o
 0001:00034140       ?isQR23@QuadRes@@SA_NH@Z   0000000140035140 f   QuadRes-65cbe1.o
 0001:000341c0       ?isQR29@QuadRes@@SA_NH@Z   00000001400351c0 f   QuadRes-65cbe1.o
 0001:00034250       ?makeRandomBytes@Randomish@@SAXAEAVCharBuf@@H@Z 0000000140035250 f   Randomish-40248b.o
 0001:00034320       ??R?$mersenne_twister@I$0CA@$0CHA@$0BIN@$0BP@$0JJAILANP@$0L@$06$0JNCMFGIA@$0P@$0OPMGAAAA@$0BC@@std@@QEAAIXZ 0000000140035320 f i Randomish-40248b.o
 0001:00034650       ?makeKeys@Rsa@@QEAA_NAEBVInteger@@0AEAVIntegerMath@@AEAVMod@@AEAVSPrimes@@AEAVFindFacSm@@AEBVMultInv@@AEBVCrtMath@@AEAVGarnerCrt@@@Z 0000000140035650 f   Rsa-1b4059.o
 0001:00034ba0       ?isGoodPair@Rsa@@QEAA_NAEAVIntegerMath@@@Z 0000000140035ba0 f   Rsa-1b4059.o
 0001:00034ca0       ?setPrivateKeys@Rsa@@QEAA_NAEAVIntegerMath@@@Z 0000000140035ca0 f   Rsa-1b4059.o
 0001:00034f60       ?testEncryption@Rsa@@QEAA_NAEAVMod@@AEAVIntegerMath@@AEBVSPrimes@@AEBVMultInv@@AEBVCrtMath@@@Z 0000000140035f60 f   Rsa-1b4059.o
 0001:000353b0       ??0Crt@@QEAA@XZ            00000001400363b0 f i Rsa-1b4059.o
 0001:00035470       ??0Crt3@@QEAA@XZ           0000000140036470 f i Rsa-1b4059.o
 0001:000355b0       ??1Crt3@@QEAA@XZ           00000001400365b0 f i Rsa-1b4059.o
 0001:000355e0       ?test@RsaTest@@QEAAXAEAVRsa@@AEAVMod@@AEAVSPrimes@@AEAVIntegerMath@@AEAVFindFacSm@@AEBVMultInv@@AEBVCrtMath@@AEAVGarnerCrt@@@Z 00000001400365e0 f   RsaTest-5dc46d.o
 0001:00035920       ??1MakePrime@@QEAA@XZ      0000000140036920 f i RsaTest-5dc46d.o
 0001:00035950       ?appendPadding@Sha256@@AEAAXAEAVCharBuf@@@Z 0000000140036950 f   Sha256-24ff28.o
 0001:00035a10       ?init@Sha256@@AEAAXXZ      0000000140036a10 f   Sha256-24ff28.o
 0001:00035b80       ?processAllBlocks@Sha256@@QEAAXAEBVCharBuf@@@Z 0000000140036b80 f   Sha256-24ff28.o
 0001:00035cc0       ?processMessageBlock@Sha256@@QEAAXAEBVCharBuf@@H@Z 0000000140036cc0 f   Sha256-24ff28.o
 0001:00036070       ?showHash@Sha256@@QEAAXXZ  0000000140037070 f   Sha256-24ff28.o
 0001:000361f0       ?getHash@Sha256@@QEAAXAEAVCharBuf@@@Z 00000001400371f0 f   Sha256-24ff28.o
 0001:00036320       ?hMac@Sha256@@QEAAXAEAVCharBuf@@AEBV2@1@Z 0000000140037320 f   Sha256-24ff28.o
 0001:00036880       ?getFirstFactor@SPrimes@@QEBAH_J@Z 0000000140037880 f   SPrimes-cd9ebe.o
 0001:00036a40       ?makeArray@SPrimes@@AEAAXXZ 0000000140037a40 f   SPrimes-cd9ebe.o
 0001:00036dc0       ?setToZero@Crt@@QEAAXXZ    0000000140037dc0 f   Crt-b6380c.o
 0001:00036e40       ?setToOne@Crt@@QEAAXXZ     0000000140037e40 f   Crt-b6380c.o
 0001:00036ec0       ?isZero@Crt@@QEBA_NXZ      0000000140037ec0 f   Crt-b6380c.o
 0001:00036f70       ?isOne@Crt@@QEBA_NXZ       0000000140037f70 f   Crt-b6380c.o
 0001:00037020       ?copy@Crt@@QEAAXAEBV1@@Z   0000000140038020 f   Crt-b6380c.o
 0001:000370a0       ?isEqual@Crt@@QEBA_NAEBV1@@Z 00000001400380a0 f   Crt-b6380c.o
 0001:00037170       ?add@Crt@@QEAAXAEBV1@AEBVSPrimes@@@Z 0000000140038170 f   Crt-b6380c.o
 0001:00037210       ?subtract@Crt@@QEAAXAEBV1@AEBVSPrimes@@@Z 0000000140038210 f   Crt-b6380c.o
 0001:000372b0       ?decrement@Crt@@QEAAXAEBVSPrimes@@@Z 00000001400382b0 f   Crt-b6380c.o
 0001:00037350       ?subtractInt@Crt@@QEAAXHAEBVSPrimes@@@Z 0000000140038350 f   Crt-b6380c.o
 0001:000373f0       ?multiply@Crt@@QEAAXAEBV1@AEBVSPrimes@@@Z 00000001400383f0 f   Crt-b6380c.o
 0001:00037490       ?setFromInteger@Crt@@QEAAXAEBVInteger@@AEAVIntegerMath@@AEBVSPrimes@@@Z 0000000140038490 f   Crt-b6380c.o
 0001:00037530       ?setFromInt@Crt@@QEAAXHAEBVSPrimes@@@Z 0000000140038530 f   Crt-b6380c.o
 0001:000375c0       ?copy@Crt3@@QEAAXAEBV1@@Z  00000001400385c0 f   Crt3-a2e725.o
 0001:00037650       ?isEqual@Crt3@@QEBA_NAEBV1@@Z 0000000140038650 f   Crt3-a2e725.o
 0001:00037740       ?toInteger@Crt3@@QEBAXAEBVCrtMath@@AEAVInteger@@@Z 0000000140038740 f   Crt3-a2e725.o
 0001:00037890       ?setFromCrtV6@Crt3@@QEAAXHAEBVCrtMath@@AEBVSPrimes@@AEBVMultInv@@@Z 0000000140038890 f   Crt3-a2e725.o
 0001:00037a00       ?setFromInteger@Crt3@@QEAAXAEBVInteger@@AEAVIntegerMath@@AEBVSPrimes@@AEBVMultInv@@AEBVCrtMath@@@Z 0000000140038a00 f   Crt3-a2e725.o
 0001:00037a40       ?getAccum@Crt3@@QEBAHHHHAEBVCrtMath@@@Z 0000000140038a40 f i Crt3-a2e725.o
 0001:00037b80       ?setFromCrtAt@Crt3@@QEAAXHHAEBVCrtMath@@HAEBVMultInv@@@Z 0000000140038b80 f i Crt3-a2e725.o
 0001:00037c80       ?setToZero@CrtBuf@@QEAAXXZ 0000000140038c80 f   CrtBuf-124c35.o
 0001:00037d00       ?setToOne@CrtBuf@@QEAAXXZ  0000000140038d00 f   CrtBuf-124c35.o
 0001:00037d80       ?setFromInteger@CrtBuf@@QEAAXAEBVInteger@@AEAVIntegerMath@@AEBVSPrimes@@@Z 0000000140038d80 f   CrtBuf-124c35.o
 0001:00037e20       ?init@CrtMath@@QEAAXAEAVIntegerMath@@AEBVSPrimes@@@Z 0000000140038e20 f   CrtMath-8b8978.o
 0001:00037e60       ?setupBaseArray@CrtMath@@AEAAXAEAVIntegerMath@@AEBVSPrimes@@@Z 0000000140038e60 f   CrtMath-8b8978.o
 0001:00037f80       ?copyFromInteger@CrtMath@@QEBAXAEAVInteger@@H@Z 0000000140038f80 f   CrtMath-8b8978.o
 0001:00037fa0       ?formula@Garner@@QEAA_NAEBVInteger@@0000AEAV2@AEAVMod@@AEAVIntegerMath@@@Z 0000000140038fa0 f   Garner-e5c102.o
 0001:00038510       ?decryptWithQInverse@Garner@@QEAA_NAEBVInteger@@0000AEAV2@AEAVMod@@AEAVIntegerMath@@@Z 0000000140039510 f   Garner-e5c102.o
 0001:000387f0       ?testCrt@Garner@@QEAAXAEBVInteger@@AEAVIntegerMath@@AEBVSPrimes@@AEBVMultInv@@AEBVCrtMath@@@Z 00000001400397f0 f   Garner-e5c102.o
 0001:00038950       ?setUpConstants@GarnerCrt@@QEAAXAEBVSPrimes@@AEAVIntegerMath@@@Z 0000000140039950 f   GarnerCrt-d733a2.o
 0001:00038e10       ?toInteger@GarnerCrt@@QEAAXAEBVCrt@@AEAVInteger@@AEAVIntegerMath@@@Z 0000000140039e10 f   GarnerCrt-d733a2.o
 0001:00039020       ??0GoodX@@QEAA@XZ          000000014003a020 f   GoodX-3a7b51.o
 0001:00039110       ??0GoodX@@QEAA@AEBV0@@Z    000000014003a110 f   GoodX-3a7b51.o
 0001:00039210       ??1GoodX@@QEAA@XZ          000000014003a210 f   GoodX-3a7b51.o
 0001:00039270       ?init@GoodX@@QEAAXAEBVSPrimes@@@Z 000000014003a270 f   GoodX-3a7b51.o
 0001:000393a0       ?setAllFalse@GoodX@@QEAAXXZ 000000014003a3a0 f   GoodX-3a7b51.o
 0001:00039410       ??0MultInv@@QEAA@XZ        000000014003a410 f   MultInv-eb6499.o
 0001:00039500       ??0MultInv@@QEAA@AEBV0@@Z  000000014003a500 f   MultInv-eb6499.o
 0001:00039600       ??1MultInv@@QEAA@XZ        000000014003a600 f   MultInv-eb6499.o
 0001:00039660       ?calcMultInv@MultInv@@AEAAHHH@Z 000000014003a660 f   MultInv-eb6499.o
 0001:000396b0       ?calcMultInvL@MultInv@@AEAA_J_J0@Z 000000014003a6b0 f   MultInv-eb6499.o
 0001:000398c0       ?init@MultInv@@QEAAXAEBVSPrimes@@@Z 000000014003a8c0 f   MultInv-eb6499.o
 0001:00039c20       catchFpeSignal             000000014003ac20 f   Signals-709666.o
 0001:00039c60       catchControlCSignal        000000014003ac60 f   Signals-709666.o
 0001:00039cb0       catchIllegalOpSignal       000000014003acb0 f   Signals-709666.o
 0001:00039cf0       catchBadMemSignal          000000014003acf0 f   Signals-709666.o
 0001:00039d30       ?setupFpeSignal@Signals@@SAXXZ 000000014003ad30 f   Signals-709666.o
 0001:00039d70       ?getControlCSignal@Signals@@SA_NXZ 000000014003ad70 f   Signals-709666.o
 0001:00039d80       ?setupControlCSignal@Signals@@SAXXZ 000000014003ad80 f   Signals-709666.o
 0001:00039dd0       ?setupIllegalOpSignal@Signals@@SAXXZ 000000014003add0 f   Signals-709666.o
 0001:00039e10       ?setupBadMemSignal@Signals@@SAXXZ 000000014003ae10 f   Signals-709666.o
 0001:00039e50       ??0TimeApi@@QEAA@XZ        000000014003ae50 f   TimeApiWin-5d41be.o
 0001:00039ef0       ?setNow@TimeApi@@QEAAXXZ   000000014003aef0 f   TimeApiWin-5d41be.o
 0001:00039f80       ?getSecondsNow@TimeApi@@SA_JXZ 000000014003af80 f   TimeApiWin-5d41be.o
 0001:00039fa0       ?diffSec@TimeApi@@QEAA_JAEAV1@@Z 000000014003afa0 f   TimeApiWin-5d41be.o
 0001:00039fb0       ?timeCBuf@TimeApi@@QEAAXAEAVCharBuf@@@Z 000000014003afb0 f   TimeApiWin-5d41be.o
 0001:0003a330       inet_ntop                  000000014003b330 f   Ws2_32:WS2_32.dll
 0001:0003a350       __chkstk                   000000014003b350 f   libcmt:chkstk.obj
 0001:0003a350       _alloca_probe              000000014003b350 f   libcmt:chkstk.obj
 0001:0003a3a0       ??_U@YAPEAX_K@Z            000000014003b3a0 f   libcmt:new_array.obj
 0001:0003a3a8       ??3@YAXPEAX_K@Z            000000014003b3a8 f   libcmt:delete_scalar_size.obj
 0001:0003a3a8       ??_V@YAXPEAX@Z             000000014003b3a8 f   libcmt:delete_array.obj
 0001:0003a3b0       ??_Etype_info@@UEAAPEAXI@Z 000000014003b3b0 f i libcmt:std_type_info_static.obj
 0001:0003a3b0       ??_Gtype_info@@UEAAPEAXI@Z 000000014003b3b0 f i libcmt:std_type_info_static.obj
 0001:0003a3dc       ??2@YAPEAX_K@Z             000000014003b3dc f   libcmt:new_scalar.obj
 0001:0003a418       ??3@YAXPEAX@Z              000000014003b418 f   libcmt:delete_scalar.obj
 0001:0003a420       _Init_thread_footer        000000014003b420 f   libcmt:thread_safe_statics.obj
 0001:0003a48c       _Init_thread_header        000000014003b48c f   libcmt:thread_safe_statics.obj
 0001:0003a504       __scrt_acquire_startup_lock 000000014003b504 f   libcmt:utility.obj
 0001:0003a540       __scrt_initialize_crt      000000014003b540 f   libcmt:utility.obj
 0001:0003a57c       __scrt_initialize_onexit_tables 000000014003b57c f   libcmt:utility.obj
 0001:0003a608       __scrt_is_nonwritable_in_current_image 000000014003b608 f   libcmt:utility.obj
 0001:0003a6a0       __scrt_release_startup_lock 000000014003b6a0 f   libcmt:utility.obj
 0001:0003a6c4       __scrt_uninitialize_crt    000000014003b6c4 f   libcmt:utility.obj
 0001:0003a6f0       _onexit                    000000014003b6f0 f   libcmt:utility.obj
 0001:0003a72c       atexit                     000000014003b72c f   libcmt:utility.obj
 0001:0003a9a4       mainCRTStartup             000000014003b9a4 f   libcmt:exe_main.obj
 0001:0003a9b8       ??0bad_alloc@std@@QEAA@XZ  000000014003b9b8 f i libcmt:throw_bad_alloc.obj
 0001:0003a9d8       ??0bad_array_new_length@std@@QEAA@XZ 000000014003b9d8 f i libcmt:throw_bad_alloc.obj
 0001:0003a9f8       ??1bad_alloc@std@@UEAA@XZ  000000014003b9f8 f i libcmt:throw_bad_alloc.obj
 0001:0003a9f8       ??1bad_exception@std@@UEAA@XZ 000000014003b9f8 f i libvcruntime:frame.obj
 0001:0003a9f8       ??1length_error@std@@UEAA@XZ 000000014003b9f8 f i libcpmt:xthrow.obj
 0001:0003a9f8       ??1out_of_range@std@@UEAA@XZ 000000014003b9f8 f i libcpmt:xthrow.obj
 0001:0003a9f8       ??1runtime_error@std@@UEAA@XZ 000000014003b9f8 f i libcpmt:xthrow.obj
 0001:0003aa0c       ?__scrt_throw_std_bad_alloc@@YAXXZ 000000014003ba0c f   libcmt:throw_bad_alloc.obj
 0001:0003aa2c       ?__scrt_throw_std_bad_array_new_length@@YAXXZ 000000014003ba2c f   libcmt:throw_bad_alloc.obj
 0001:0003aa4c       __isa_available_init       000000014003ba4c f   libcmt:cpu_disp.obj
 0001:0003abf8       __scrt_is_ucrt_dll_in_use  000000014003bbf8 f   libcmt:ucrt_detection.obj
 0001:0003ac04       __crt_debugger_hook        000000014003bc04 f   libcmt:utility_desktop.obj
 0001:0003ac0c       __scrt_fastfail            000000014003bc0c f   libcmt:utility_desktop.obj
 0001:0003ad54       __scrt_initialize_mta      000000014003bd54 f   libcmt:utility_desktop.obj
 0001:0003ad5c       __scrt_exe_initialize_mta  000000014003bd5c f   libcmt:utility_desktop.obj
 0001:0003ad5c       __scrt_initialize_winrt    000000014003bd5c f   libcmt:utility_desktop.obj
 0001:0003ad5c       __scrt_stub_for_initialize_mta 000000014003bd5c f   libcmt:utility_desktop.obj
 0001:0003ad5c       _get_startup_commit_mode   000000014003bd5c f   libcmt:commit_mode.obj
 0001:0003ad5c       _get_startup_new_mode      000000014003bd5c f   libcmt:new_mode.obj
 0001:0003ad5c       _get_startup_thread_locale_mode 000000014003bd5c f   libcmt:thread_locale.obj
 0001:0003ad5c       _matherr                   000000014003bd5c f   libcmt:matherr.obj
 0001:0003ad60       __scrt_is_managed_app      000000014003bd60 f   libcmt:utility_desktop.obj
 0001:0003adb4       __scrt_set_unhandled_exception_filter 000000014003bdb4 f   libcmt:utility_desktop.obj
 0001:0003adc4       __scrt_unhandled_exception_filter 000000014003bdc4 f   libcmt:utility_desktop.obj
 0001:0003ae20       _guard_check_icall_nop     000000014003be20 f i libcmt:guard_support.obj
 0001:0003ae20       _initialize_denormal_control 000000014003be20 f i libcmt:denormal_control.obj
 0001:0003ae20       _initialize_invalid_parameter_handler 000000014003be20 f i libcmt:invalid_parameter_handler.obj
 0001:0003ae24       __security_init_cookie     000000014003be24 f   libcmt:gs_support.obj
 0001:0003aed0       _get_startup_file_mode     000000014003bed0 f   libcmt:file_mode.obj
 0001:0003aed8       ?__scrt_initialize_type_info@@YAXXZ 000000014003bed8 f   libcmt:tncleanup.obj
 0001:0003aee8       __local_stdio_scanf_options 000000014003bee8 f i libcmt:default_local_stdio_options.obj
 0001:0003aef0       __scrt_initialize_default_local_stdio_options 000000014003bef0 f   libcmt:default_local_stdio_options.obj
 0001:0003af0c       __scrt_is_user_matherr_present 000000014003bf0c f   libcmt:matherr_detection.obj
 0001:0003af18       __scrt_get_dyn_tls_init_callback 000000014003bf18 f   libcmt:dyn_tls_init.obj
 0001:0003af20       __scrt_get_dyn_tls_dtor_callback 000000014003bf20 f   libcmt:dyn_tls_dtor.obj
 0001:0003af28       _RTC_Initialize            000000014003bf28 f   libcmt:initsect.obj
 0001:0003af64       _RTC_Terminate             000000014003bf64 f   libcmt:initsect.obj
 0001:0003afa0       ?_Addstd@ios_base@std@@SAXPEAV12@@Z 000000014003bfa0 f   libcpmt:ios.obj
 0001:0003b018       ?_Ios_base_dtor@ios_base@std@@CAXPEAV12@@Z 000000014003c018 f   libcpmt:ios.obj
 0001:0003b090       ?_Tidy@ios_base@std@@AEAAXXZ 000000014003c090 f i libcpmt:ios.obj
 0001:0003b110       ??0_Locimp@locale@std@@AEAA@_N@Z 000000014003c110 f i libcpmt:locale0.obj
 0001:0003b198       ??4?$_Yarn@D@std@@QEAAAEAV01@PEBD@Z 000000014003c198 f i libcpmt:locale0.obj
 0001:0003b210       ??_E_Locimp@locale@std@@MEAAPEAXI@Z 000000014003c210 f i libcpmt:locale0.obj
 0001:0003b210       ??_G_Locimp@locale@std@@MEAAPEAXI@Z 000000014003c210 f i libcpmt:locale0.obj
 0001:0003b26c       ?_Facet_Register@std@@YAXPEAV_Facet_base@1@@Z 000000014003c26c f   libcpmt:locale0.obj
 0001:0003b2a4       ?_Getgloballocale@locale@std@@CAPEAV_Locimp@12@XZ 000000014003c2a4 f   libcpmt:locale0.obj
 0001:0003b2ac       ?_Init@locale@std@@CAPEAV_Locimp@12@_N@Z 000000014003c2ac f   libcpmt:locale0.obj
 0001:0003b3a0       ?_Locimp_dtor@_Locimp@locale@std@@CAXPEAV123@@Z 000000014003c3a0 f   libcpmt:locale0.obj
 0001:0003b41c       ?_Locinfo_ctor@_Locinfo@std@@SAXPEAV12@PEBD@Z 000000014003c41c f   libcpmt:locale0.obj
 0001:0003b488       ?_Locinfo_dtor@_Locinfo@std@@SAXPEAV12@@Z 000000014003c488 f   libcpmt:locale0.obj
 0001:0003b4a4       ?_New_Locimp@_Locimp@locale@std@@CAPEAV123@_N@Z 000000014003c4a4 f   libcpmt:locale0.obj
 0001:0003b4d4       ?_Setgloballocale@locale@std@@CAXPEAX@Z 000000014003c4d4 f   libcpmt:locale0.obj
 0001:0003b508       _Deletegloballocale        000000014003c508 f   libcpmt:locale0.obj
 0001:0003b578       ?uncaught_exception@std@@YA_NXZ 000000014003c578 f   libcpmt:uncaught_exception.obj
 0001:0003b580       ??0length_error@std@@QEAA@AEBV01@@Z 000000014003c580 f i libcpmt:xthrow.obj
 0001:0003b5bc       ??0length_error@std@@QEAA@PEBD@Z 000000014003c5bc f i libcpmt:xthrow.obj
 0001:0003b604       ??0logic_error@std@@QEAA@AEBV01@@Z 000000014003c604 f i libcpmt:xthrow.obj
 0001:0003b640       ??0out_of_range@std@@QEAA@AEBV01@@Z 000000014003c640 f i libcpmt:xthrow.obj
 0001:0003b67c       ??0out_of_range@std@@QEAA@PEBD@Z 000000014003c67c f i libcpmt:xthrow.obj
 0001:0003b6c4       ??0runtime_error@std@@QEAA@PEBD@Z 000000014003c6c4 f i libcpmt:xthrow.obj
 0001:0003b70c       ??_Ebad_exception@std@@UEAAPEAXI@Z 000000014003c70c f i libvcruntime:frame.obj
 0001:0003b70c       ??_Elength_error@std@@UEAAPEAXI@Z 000000014003c70c f i libcpmt:xthrow.obj
 0001:0003b70c       ??_Elogic_error@std@@UEAAPEAXI@Z 000000014003c70c f i libcpmt:xthrow.obj
 0001:0003b70c       ??_Eout_of_range@std@@UEAAPEAXI@Z 000000014003c70c f i libcpmt:xthrow.obj
 0001:0003b70c       ??_Gbad_exception@std@@UEAAPEAXI@Z 000000014003c70c f i libvcruntime:frame.obj
 0001:0003b70c       ??_Glength_error@std@@UEAAPEAXI@Z 000000014003c70c f i libcpmt:xthrow.obj
 0001:0003b70c       ??_Glogic_error@std@@UEAAPEAXI@Z 000000014003c70c f i libcpmt:xthrow.obj
 0001:0003b70c       ??_Gout_of_range@std@@UEAAPEAXI@Z 000000014003c70c f i libcpmt:xthrow.obj
 0001:0003b750       ?_Xlength_error@std@@YAXPEBD@Z 000000014003c750 f   libcpmt:xthrow.obj
 0001:0003b774       ?_Xout_of_range@std@@YAXPEBD@Z 000000014003c774 f   libcpmt:xthrow.obj
 0001:0003b798       ?_Xruntime_error@std@@YAXPEBD@Z 000000014003c798 f   libcpmt:xthrow.obj
 0001:0003b7bc       ??0_Init_locks@std@@QEAA@XZ 000000014003c7bc f   libcpmt:xlock.obj
 0001:0003b800       ??0_Lockit@std@@QEAA@H@Z   000000014003c800 f   libcpmt:xlock.obj
 0001:0003b83c       ??1_Init_locks@std@@QEAA@XZ 000000014003c83c f   libcpmt:xlock.obj
 0001:0003b878       ??1_Lockit@std@@QEAA@XZ    000000014003c878 f   libcpmt:xlock.obj
 0001:0003b8ac       ?_Fiopen@std@@YAPEAU_iobuf@@PEBDHH@Z 000000014003c8ac f   libcpmt:fiopen.obj
 0001:0003b964       ?_Syserror_map@std@@YAPEBDH@Z 000000014003c964 f   libcpmt:syserror.obj
 0001:0003b98c       _Getctype                  000000014003c98c f   libcpmt:_tolower.obj
 0001:0003ba4c       _Tolower                   000000014003ca4c f   libcpmt:_tolower.obj
 0001:0003bb80       _Toupper                   000000014003cb80 f   libcpmt:_toupper.obj
 0001:0003bcc4       _Query_perf_counter        000000014003ccc4 f   libcpmt:xtime.obj
 0001:0003bce0       _Query_perf_frequency      000000014003cce0 f   libcpmt:xtime.obj
 0001:0003bd0c       _Thrd_sleep_for            000000014003cd0c f   libcpmt:sharedmutex.obj
 0001:0003bd14       ?_Random_device@std@@YAIXZ 000000014003cd14 f   libcpmt:xrngdev.obj
 0001:0003bd3c       ?_Atexit@@YAXP6AXXZ@Z      000000014003cd3c f   libcpmt:iosptrs.obj
 0001:0003bd78       _Mtxdst                    000000014003cd78 f   libcpmt:xmtx.obj
 0001:0003bd80       _Mtxinit                   000000014003cd80 f   libcpmt:xmtx.obj
[...]
 0002:00044510       $unwind$_setmbcp_nolock    00000001400a6510     libucrt:mbctype.obj
 0002:00044530       $unwind$__dcrt_lowio_ensure_console_output_initialized 00000001400a6530     libucrt:initcon.obj
 0002:00044530       $unwind$?__mbrtowc_utf8@__crt_mbstring@@YA_KPEA_WPEBD_KPEAU_Mbstatet@@AEAV__crt_cached_ptd_host@@@Z 00000001400a6530     libucrt:mbrtowc.obj
 0002:00044530       $unwind$?getSystemCP@@YAHH@Z 00000001400a6530     libucrt:mbctype.obj
 0002:00044538       $unwind$?update_thread_multibyte_data_internal@@YAPEAU__crt_multibyte_data@@QEAU__acrt_ptd@@QEAPEAU1@@Z 00000001400a6538     libucrt:mbctype.obj
 0002:00044560       $unwind$?setmbcp_internal@@YAHH_NQEAU__acrt_ptd@@QEAPEAU__crt_multibyte_data@@@Z 00000001400a6560     libucrt:mbctype.obj
 0002:00044578       $unwind$?setSBUpLow@@YAXPEAU__crt_multibyte_data@@@Z 00000001400a6578     libucrt:mbctype.obj
 0002:00044594       $unwind$??$?RV<lambda_efdfa57d1f175319df784efa44bb7b81>@@AEAV<lambda_5f0a4c1567f8adc6734073e5d1e1b35c>@@V<lambda_2e8a7d3640ea6ccb4c2413664c2db6fd>@@@?$__crt_seh_guarded_call@X@@QEAAX$$QEAV<lambda_efdfa57d1f175319df784efa44bb7b81>@@AEAV<lambda_5f0a4c1567f8adc6734073e5d1e1b35c>@@$$QEAV<lambda_2e8a7d3640ea6ccb4c2413664c2db6fd>@@@Z 00000001400a6594     libucrt:mbctype.obj
 0002:000445b8       $unwind$__acrt_WideCharToMultiByte 00000001400a65b8     libucrt:widechartomultibyte.obj
 0002:000445c4       $unwind$??$common_set_variable_in_environment_nolock@D@@YAHQEADH@Z 00000001400a65c4     libucrt:setenv.obj
 0002:000445dc       $unwind$??$copy_environment@D@@YAPEAPEADQEAPEAD@Z 00000001400a65dc     libucrt:setenv.obj
 0002:000445f0       $unwind$_alloc_osfhnd      00000001400a65f0     libucrt:osfinfo.obj
 0002:00044620       $unwind$__acrt_lowio_destroy_handle_array 00000001400a6620     libucrt:osfinfo.obj
 0002:00044630       $unwind$__acrt_lowio_ensure_fh_exists 00000001400a6630     libucrt:osfinfo.obj
 0002:0004465c       $unwind$__acrt_locale_initialize_monetary 00000001400a665c     libucrt:initmon.obj
 0002:0004465c       $unwind$?initialize_lc_time@@YA_NQEAU__crt_lc_time_data@@QEAU__crt_locale_data@@@Z 00000001400a665c     libucrt:inittime.obj
 0002:00044678       $unwind$__acrt_locale_free_monetary 00000001400a6678     libucrt:initmon.obj
 0002:00044680       $unwind$__acrt_locale_free_time 00000001400a6680     libucrt:inittime.obj
 0002:00044690       $unwind$__acrt_GetStringTypeA 00000001400a6690     libucrt:getstringtypea.obj
 0002:000446b8       $unwind$__acrt_update_thread_locale_data 00000001400a66b8     libucrt:locale_refcounting.obj
 0002:000446dc       $unwind$__acrt_get_qualified_locale 00000001400a66dc     libucrt:get_qualified_locale.obj
 0002:000446f8       $unwind$LangCountryEnumProcEx 00000001400a66f8     libucrt:get_qualified_locale.obj
 0002:00044718       $unwind$LanguageEnumProcEx 00000001400a6718     libucrt:get_qualified_locale.obj
 0002:00044734       $unwind$GetLocaleNameFromDefault 00000001400a6734     libucrt:get_qualified_locale.obj
 0002:0004474c       $unwind$TestDefaultCountry 00000001400a674c     libucrt:get_qualified_locale.obj
 0002:00044760       $unwind$__acrt_get_qualified_locale_downlevel 00000001400a6760     libucrt:getqloc_downlevel.obj
 0002:0004477c       $unwind$LangCountryEnumProc 00000001400a677c     libucrt:getqloc_downlevel.obj
 0002:0004479c       $unwind$LanguageEnumProc   00000001400a679c     libucrt:getqloc_downlevel.obj
 0002:000447b8       $unwind$CountryEnumProc    00000001400a67b8     libucrt:getqloc_downlevel.obj
 0002:000447d8       $unwind$?_mbstowcs_l_helper@@YA_KPEA_WPEBD_KAEAV__crt_cached_ptd_host@@@Z 00000001400a67d8     libucrt:mbstowcs.obj
 0002:000447f8       $ip2state$?_mbstowcs_l_helper@@YA_KPEA_WPEBD_KAEAV__crt_cached_ptd_host@@@Z 00000001400a67f8     libucrt:mbstowcs.obj
 0002:00044800       $unwind$?_mbstowcs_internal@@YAHPEA_KPEA_W_KPEBD2AEAV__crt_cached_ptd_host@@@Z 00000001400a6800     libucrt:mbstowcs.obj
 0002:00044800       $unwind$?_wcstombs_internal@@YAHPEA_KPEAD_KPEB_W2AEAV__crt_cached_ptd_host@@@Z 00000001400a6800     libucrt:wcstombs.obj
 0002:00044818       $unwind$?_wcstombs_l_helper@@YA_KPEADPEB_W_KAEAV__crt_cached_ptd_host@@@Z 00000001400a6818     libucrt:wcstombs.obj
 0002:00044838       $unwind$_openfile          00000001400a6838     libucrt:openfile.obj
 0002:0004484c       $unwind$_isctype_l         00000001400a684c     libucrt:isctype.obj
 0002:00044868       $unwind$__acrt_GetLocaleInfoA 00000001400a6868     libucrt:getlocaleinfoa.obj
 0002:00044888       $unwind$?InternalGetLocaleInfoA@@YAHQEAU__crt_locale_pointers@@QEB_WKQEADH@Z 00000001400a6888     libucrt:getlocaleinfoa.obj
 0002:000448b0       $unwind$__acrt_LCMapStringA 00000001400a68b0     libucrt:lcmapstringa.obj
 0002:000448c0       $unwind$?__acrt_LCMapStringA_stat@@YAHPEAU__crt_locale_pointers@@PEB_WKPEBDHPEADHHH@Z 00000001400a68c0     libucrt:lcmapstringa.obj
 0002:000448e8       $unwind$_raise_exc_ex      00000001400a68e8     libucrt:fpexcept.obj
 0002:000448fc       $unwind$_ctrlfp            00000001400a68fc     libucrt:fpctrl.obj
 0002:00044924       $unwind$_wcsicmp_l         00000001400a6924     libucrt:wcsicmp.obj
 0002:0004493c       $unwind$__acrt_fenv_get_control 00000001400a693c     libucrt:_fenvutils.obj
 0002:00044944       $unwind$__acrt_fenv_set_control 00000001400a6944     libucrt:_fenvutils.obj
 0002:00044954       $unwind$?__mbsrtowcs_utf8@__crt_mbstring@@YA_KPEA_WPEAPEBD_KPEAU_Mbstatet@@AEAV__crt_cached_ptd_host@@@Z 00000001400a6954     libucrt:mbrtowc.obj
 0002:0004496c       $unwind$_putwch_nolock     00000001400a696c     libucrt:putwch.obj
 0002:00044974       $unwind$__acrt_fltout      00000001400a6974     libucrt:cfout.obj
 0002:00044994       $unwind$??$common_getenv_s@_W@@YAHQEA_KQEA_W_KQEB_W@Z 00000001400a6994     libucrt:getenv.obj
 0002:000449d4       $unwind$qsort              00000001400a69d4     libucrt:qsort.obj
 0002:000449ec       $chain$4$qsort             00000001400a69ec     libucrt:qsort.obj
 0002:00044a10       $chain$5$qsort             00000001400a6a10     libucrt:qsort.obj
 0002:00044a20       $unwind$strpbrk            00000001400a6a20     libucrt:strpbrk.obj
 0002:00044a30       $unwind$fallbackMethod     00000001400a6a30     libucrt:strpbrk.obj
 0002:00044a40       $unwind$_mbsdec_l          00000001400a6a40     libucrt:mbsdec.obj
 0002:00044a4c       $unwind$_strnicoll_l       00000001400a6a4c     libucrt:strnicol.obj
 0002:00044a60       $unwind$__acrt_SetEnvironmentVariableA 00000001400a6a60     libucrt:setenvironmentvariablea.obj
 0002:00044a7c       $unwind$_wcsnicmp_l        00000001400a6a7c     libucrt:wcsnicmp.obj
 0002:00044a98       $unwind$?__wcsrtombs_utf8@__crt_mbstring@@YA_KPEADPEAPEB_W_KPEAU_Mbstatet@@AEAV__crt_cached_ptd_host@@@Z 00000001400a6a98     libucrt:wcrtomb.obj
 0002:00044ab8       $unwind$_sopen_nolock      00000001400a6ab8     libucrt:open.obj
 0002:00044ad4       $unwind$_wsopen_nolock     00000001400a6ad4     libucrt:open.obj
 0002:00044af4       $unwind$??$common_sopen_dispatch@D@@YAHQEBDHHHQEAHH@Z 00000001400a6af4     libucrt:open.obj
 0002:00044b18       $unwind$?truncate_ctrl_z_if_present@@YAHH@Z 00000001400a6b18     libucrt:open.obj
 0002:00044b28       $unwind$?configure_text_mode@@YAHHUfile_options@?A0xa9d50aae@@HAEAW4__crt_lowio_text_mode@@@Z 00000001400a6b28     libucrt:open.obj
 0002:00044b40       $xdatasym                  00000001400a6b40     libucrt:fpsr.obj
 0002:00044b48       $unwind$_towlower_l        00000001400a6b48     libucrt:towlower.obj
 0002:00044b50       $unwind$?__mbrtoc32_utf8@__crt_mbstring@@YA_KPEA_UPEBD_KPEAU_Mbstatet@@AEAV__crt_cached_ptd_host@@@Z 00000001400a6b50     libucrt:mbrtoc32.obj
 0002:00044b70       $xdatasym                  00000001400a6b70     libucrt:log10.obj
 0002:00044b7c       $unwind$?InternalCompareStringA@@YAHPEAU__crt_locale_pointers@@PEB_WKPEBDH2HH@Z 00000001400a6b7c     libucrt:comparestringa.obj
 0002:00044ba0       $unwind$common_control87   00000001400a6ba0     libucrt:ieee.obj
 0002:00044bcc       $unwind$_call_matherr      00000001400a6bcc     libucrt:libm_error.obj
 0002:00044bd4       $unwind$_handle_error      00000001400a6bd4     libucrt:libm_error.obj
 0002:00044bf4       $unwind$__acrt_initialize_fma3 00000001400a6bf4     libucrt:fma3_available.obj
 0002:00044bfc       $unwind$_log_special_common 00000001400a6bfc     libucrt:log_special.obj
 0002:00044c08       $unwind$__GSHandlerCheckCommon 00000001400a6c08     libcmt:gshandler.obj
 0002:00044c10       $xdatasym                  00000001400a6c10     libcmt:amdsecgs.obj
 0002:00044c14       $unwind$_IsNonwritableInCurrentImage 00000001400a6c14     libcmt:pesect.obj
 0002:00044c38       $unwind$__report_securityfailure 00000001400a6c38     libcmt:gs_report.obj
 0002:00044c40       $unwind$__report_gsfailure 00000001400a6c40     libcmt:gs_report.obj
 0002:00044c48       $unwind$capture_current_context 00000001400a6c48     libcmt:gs_report.obj
 0002:00044c54       $unwind$capture_previous_context 00000001400a6c54     libcmt:gs_report.obj
 0002:00044c60       $unwind$_local_unwind      00000001400a6c60     libvcruntime:jmpuwind.obj
 0002:0004520a       .idata$6                   00000001400a720a     Ws2_32:WS2_32.dll
 0002:000454e0       .idata$6                   00000001400a74e0     kernel32:KERNEL32.dll
 0003:000005f0       BigReceiveBuf              00000001400a85f0     SocketsApiWin-7e7fe5.o
 0003:001006cc       ?init@std@@3JA             00000001401a86cc     libcpmt:xlock.obj
 0003:001006d0       ?valid@?1???$_Xfiopen@D@?A0x6dc13635@@YAPEAU_iobuf@@PEBDHH@Z@4QBHB 00000001401a86d0     libcpmt:fiopen.obj
 0003:00100720       ?atcount_cdecl@@3_KA       00000001401a8720     libcpmt:iosptrs.obj
 0003:00100730       ?__vcrt_flsindex@@3KA      00000001401a8730     libvcruntime:per_thread_data.obj
 0003:00100850       _ctype_loc_style           00000001401a8850     libucrt:wsetlocale.obj
 0003:00100868       ?errno_no_memory@@3HA      00000001401a8868     libucrt:errno.obj
 0003:0010086c       ?doserrno_no_memory@@3KA   00000001401a886c     libucrt:errno.obj
 0003:00100920       ?__acrt_flsindex@@3KA      00000001401a8920     libucrt:per_thread_data.obj
 0003:00100bf0       ?tzstd_program@@3PADA      00000001401a8bf0     libucrt:timeset.obj
 0003:00100c30       ?tzdst_program@@3PADA      00000001401a8c30     libucrt:timeset.obj
 0003:00100c70       ?w_tzstd_program@@3PA_WA   00000001401a8c70     libucrt:timeset.obj
 0003:00100cf0       ?w_tzdst_program@@3PA_WA   00000001401a8cf0     libucrt:timeset.obj
 0003:00100d70       ?tzname_states@@3PAY01PEADA 00000001401a8d70     libucrt:timeset.obj
 0003:00100d80       ?w_tzname_states@@3PAY01PEA_WA 00000001401a8d80     libucrt:timeset.obj
 0003:00100d90       ?dststart@@3Utransitiondate@?A0x7639d0b4@@A 00000001401a8d90     libucrt:tzset.obj
 0003:00100da0       ?dstend@@3Utransitiondate@?A0x7639d0b4@@A 00000001401a8da0     libucrt:tzset.obj
 0003:00100fe0       _mbctypes                  00000001401a8fe0     libucrt:mbctype.obj
 0003:001010f0       _mbcasemaps                00000001401a90f0     libucrt:mbctype.obj
 0003:001011f0       ?__rgctypeflag@@3PADA      00000001401a91f0     libucrt:mbctype.obj
 0003:00101200       ?__rgcode_page_info@@3PAUcode_page_info@@A 00000001401a9200     libucrt:mbctype.obj
 0003:001012f4       ?dazSupported@?1??_ctrlfp@@9@9 00000001401a92f4     libucrt:fpctrl.obj
 0003:00101300       ?__dcrt_lowio_console_output_handle@@3PEAXEA 00000001401a9300     libucrt:initcon.obj
 0003:00101310       ?dazSupported@?1??common_control87@@9@9 00000001401a9310     libucrt:ieee.obj
 0003:00101440       gotSigCtrlC                00000001401a9440     Signals-709666.o
 0003:00101448       ?g_tss_cv@@3U_RTL_CONDITION_VARIABLE@@A 00000001401a9448     libcmt:thread_safe_statics.obj
 0003:00101450       ?g_tss_srw@@3U_RTL_SRWLOCK@@A 00000001401a9450     libcmt:thread_safe_statics.obj
 0003:00101468       ?is_initialized_as_dll@@3_NA 00000001401a9468     libcmt:utility.obj
 0003:00101469       ?module_local_atexit_table_initialized@@3_NA 00000001401a9469     libcmt:utility.obj
 0003:00101470       ?module_local_atexit_table@@3U_onexit_table_t@@A 00000001401a9470     libcmt:utility.obj
 0003:00101488       ?module_local_at_quick_exit_table@@3U_onexit_table_t@@A 00000001401a9488     libcmt:utility.obj
 0003:001014e0       ?stdstr@std@@3PAPEAVios_base@1@A 00000001401a94e0     libcpmt:ios.obj
 0003:00101530       ?stdopens@std@@3PADA       00000001401a9530     libcpmt:ios.obj
 0003:00101570       ?classic_locale@std@@3Vlocale@1@A 00000001401a9570     libcpmt:locale0.obj
 0003:00101588       ?_Fac_head@std@@3PEAU_Fac_node@1@EA 00000001401a9588     libcpmt:locale0.obj
 0003:00101590       ?_Fac_tidy_reg@std@@3U_Fac_tidy_reg_t@1@B 00000001401a9590     libcpmt:locale0.obj
 0003:00101598       global_locale              00000001401a9598     libcpmt:locale0.obj
 0003:001015a0       ?registered@?1??_Setgloballocale@locale@std@@CAXPEAX@Z@4_NA 00000001401a95a0     libcpmt:locale0.obj
 0003:001015b0       ?initlocks@std@@3V_Init_locks@1@A 00000001401a95b0     libcpmt:xlock.obj
 0003:001015c0       ?mtx@std@@3PAU_RTL_CRITICAL_SECTION@@A 00000001401a95c0     libcpmt:xlock.obj
 0003:00101700       ?freq_cached@?1??_Query_perf_frequency@@9@4U?$atomic@_J@std@@A 00000001401a9700     libcpmt:xtime.obj
 0003:00101760       ?initlocks@std@@3V_Init_locks@1@A 00000001401a9760     libcpmt:iosptrs.obj
 0003:00101761       ?init_atexit@@3U_Init_atexit@@A 00000001401a9761     libcpmt:iosptrs.obj
 0003:00101770       ?atfuns_cdecl@@3PAP6AXXZA  00000001401a9770     libcpmt:iosptrs.obj
 0003:001017c0       ?__KERNEL32Function_GetCurrentPackageId@?A0x995b63b9@@3P6AJPEAIPEAE@ZEA 00000001401a97c0     libcpmt:winapisupp.obj
 0003:001017c8       ?__KERNEL32Function_GetSystemTimePreciseAsFileTime@?A0x995b63b9@@3P6AXPEAU_FILETIME@@@ZEA 00000001401a97c8     libcpmt:winapisupp.obj
 0003:001017d0       ?__KERNEL32Function_GetTempPath2W@?A0x995b63b9@@3P6AKKPEA_W@ZEA 00000001401a97d0     libcpmt:winapisupp.obj
 0003:001018d0       ?__vcrt_startup_thread_ptd@@3U__vcrt_ptd@@A 00000001401a98d0     libvcruntime:per_thread_data.obj
 0003:00101958       __vcrt_lock_table          00000001401a9958     libvcruntime:locks.obj
 0003:00101980       __vcrt_locks_initialized   00000001401a9980     libvcruntime:locks.obj
 0003:001019c8       ?heap@@3V_HeapManager@@A   00000001401a99c8     libvcruntime:undname.obj
 0003:001019f0       ?module_handles@@3PAPEAUHINSTANCE__@@A 00000001401a99f0     libvcruntime:winapi_downlevel.obj
 0003:00101a08       ?function_pointers@@3PAPEAXA 00000001401a9a08     libvcruntime:winapi_downlevel.obj
 0003:00101a48       ?__acrt_invalid_parameter_handler@@3V?$dual_state_global@P6AXPEB_W00I_K@Z@__crt_state_management@@A 00000001401a9a48     libucrt:invalid_parameter.obj
 0003:00101a50       ?console_ctrl_handler_installed@@3_NA 00000001401a9a50     libucrt:signal.obj
 0003:00101a58       ?ctrlc_action@@3V?$dual_state_global@P6AXH@Z@__crt_state_management@@A 00000001401a9a58     libucrt:signal.obj
 0003:00101a60       ?ctrlbreak_action@@3V?$dual_state_global@P6AXH@Z@__crt_state_management@@A 00000001401a9a60     libucrt:signal.obj
 0003:00101a68       ?abort_action@@3V?$dual_state_global@P6AXH@Z@__crt_state_management@@A 00000001401a9a68     libucrt:signal.obj
 0003:00101a70       ?term_action@@3V?$dual_state_global@P6AXH@Z@__crt_state_management@@A 00000001401a9a70     libucrt:signal.obj
 0003:00101a78       ?__acrt_new_handler@@3V?$dual_state_global@P6AH_K@Z@__crt_state_management@@A 00000001401a9a78     libucrt:new_handler.obj
 0003:00101a80       ?c_termination_complete@@3JA 00000001401a9a80     libucrt:exit.obj
 0003:00101a88       ?thread_local_exit_callback_func@@3P6AXPEAXK0@ZEA 00000001401a9a88     libucrt:exit.obj
 0003:00101a90       ?c_exit_complete@?1???R<lambda_6e4b09c48022b2350581041d5f6b0c4c>@@QEBA@XZ@4_NA 00000001401a9a90     libucrt:exit.obj
 0003:00101aa0       ?program_name@?1???$common_configure_argv@D@@YAHW4_crt_argv_mode@@@Z@4PADA 00000001401a9aa0     libucrt:argv_parsing.obj
 0003:00101bf8       ?__acrt_app_type@@3W4_crt_app_type@@A 00000001401a9bf8     libucrt:report_runtime_error.obj
 0003:00101c00       ?user_matherr@@3V?$dual_state_global@P6AHPEAU_exception@@@Z@__crt_state_management@@A 00000001401a9c00     libucrt:matherr.obj
 0003:00101c3c       ?__acrt_global_new_mode@@3V?$dual_state_global@J@__crt_state_management@@A 00000001401a9c3c     libucrt:new_mode.obj
 0003:00101c50       ?__acrt_lock_table@@3PAU_RTL_CRITICAL_SECTION@@A 00000001401a9c50     libucrt:locks.obj
 0003:00101e80       ?__acrt_locks_initialized@@3IA 00000001401a9e80     libucrt:locks.obj
 0003:00101eb0       ?module_handles@@3PAPEAUHINSTANCE__@@A 00000001401a9eb0     libucrt:winapi_thunks.obj
 0003:00101f60       ?encoded_function_pointers@@3PAPEAXA 00000001401a9f60     libucrt:winapi_thunks.obj
 0003:00102058       ?static_enum_proc@?1??enum_system_locales_ex_nolock@@YAHQ6AHPEA_WK_J@Z@Z@4P6AH0K1@ZEA 00000001401aa058     libucrt:winapi_thunks.obj
 0003:00102468       ?internal_state@?1??_mbtowc_internal@@9@4U_Mbstatet@@A 00000001401aa468     libucrt:mbtowc.obj
 0003:00102470       ?enable_percent_n@@3_KA    00000001401aa470     libucrt:printf_count_output.obj
 0003:00102488       ?_tzname@@3V?$dual_state_global@PEAPEAD@__crt_state_management@@A 00000001401aa488     libucrt:timeset.obj
 0003:00102490       ?w_tzname@@3V?$dual_state_global@PEAPEA_W@__crt_state_management@@A 00000001401aa490     libucrt:timeset.obj
 0003:00102498       ?last_wide_tz@@3PEA_WEA    00000001401aa498     libucrt:tzset.obj
 0003:001024a0       ?tz_api_used@@3HA          00000001401aa4a0     libucrt:tzset.obj
 0003:001024a4       ?tzset_init_state@@3V?$dual_state_global@J@__crt_state_management@@A 00000001401aa4a4     libucrt:tzset.obj
 0003:001024b0       ?tz_info@@3U_TIME_ZONE_INFORMATION@@A 00000001401aa4b0     libucrt:tzset.obj
 0003:00102578       ?fSystemSet@@3HA           00000001401aa578     libucrt:mbctype.obj
 0003:0010257c       ?initialized@?1??__acrt_initialize_multibyte@@9@4_NA 00000001401aa57c     libucrt:mbctype.obj
 0003:00102590       ?internal_pst@?1??__mbrtoc32_utf8@__crt_mbstring@@YA_KPEA_UPEBD_KPEAU_Mbstatet@@AEAV__crt_cached_ptd_host@@@Z@4U3@A 00000001401aa590     libucrt:mbrtoc32.obj
 0003:00102598       ?internal_pst@?1??__c16rtomb_utf8@__crt_mbstring@@YA_KPEAD_SPEAU_Mbstatet@@AEAV__crt_cached_ptd_host@@@Z@4U3@A 00000001401aa598     libucrt:c16rtomb.obj
 0003:001025b0       GS_ExceptionRecord         00000001401aa5b0     libcmt:gs_report.obj
 0003:00102650       GS_ContextRecord           00000001401aa650     libcmt:gs_report.obj
 0005:00000000       MoveSmall                  00000001401b1000     libvcruntime:memcpy_avx_ermsb_aligned.obj
 0005:00000040       MoveSmallYmm               00000001401b1040     libvcruntime:memcpy_avx_ermsb_aligned.obj
 0005:00000064       MoveSmallYmmNT             00000001401b1064     libvcruntime:memcpy_avx_ermsb_aligned.obj
 0005:00000090       MoveSmall                  00000001401b1090     libvcruntime:memcpy_avx_ermsb_aligned_amd.obj
 0005:000000d0       MoveSmallYmm               00000001401b10d0     libvcruntime:memcpy_avx_ermsb_aligned_amd.obj
 0005:000000f4       MoveSmallYmmNT             00000001401b10f4     libvcruntime:memcpy_avx_ermsb_aligned_amd.obj
 0005:00000120       MoveSmall                  00000001401b1120     libvcruntime:memcpy_sse2_ermsb_aligned.obj
 0005:00000160       MoveSmallXmm               00000001401b1160     libvcruntime:memcpy_sse2_ermsb_aligned.obj
 0005:00000190       MoveSmall                  00000001401b1190     libvcruntime:memcpy_sse2_ermsb_aligned_amd.obj
 0005:000001d0       MoveSmallXmm               00000001401b11d0     libvcruntime:memcpy_sse2_ermsb_aligned_amd.obj
